   Compiling proc-macro2 v1.0.107
   Compiling unicode-ident v1.0.24
   Compiling quote v1.0.47
   Compiling zmij v1.0.23
   Compiling rustversion v1.0.23
   Compiling serde_core v1.0.229
   Compiling bumpalo v3.20.3
   Compiling thiserror v2.0.20
   Compiling itoa v1.0.18
   Compiling static_assertions v1.1.0
   Compiling serde_json v1.0.151
   Compiling memchr v2.8.3
   Compiling cfg-if v1.0.4
   Compiling rustc-hash v2.1.3
   Compiling smallvec v1.16.0
   Compiling ferromark_allocator v2.0.0-dev.0 (/private/tmp/ferromark-v2-paragraph-B-features/sources/candidate/crates/ferromark_allocator)
   Compiling ferromark_ast v2.0.0-dev.0 (/private/tmp/ferromark-v2-paragraph-B-features/sources/candidate/crates/ferromark_ast)
   Compiling syn v3.0.4
   Compiling castaway v0.2.4
   Compiling thiserror-impl v2.0.20
   Compiling compact_str v0.10.0
   Compiling ferromark_parser v2.0.0-dev.0 (/private/tmp/ferromark-v2-paragraph-B-features/sources/candidate/crates/ferromark_parser)
error[E0624]: method `parse_paragraph` is private
   --> /private/tmp/ferromark-v2-paragraph-B-features/sources/candidate/crates/ferromark_parser/src/parser/math.rs:30:25
    |
 30 |               return self.parse_paragraph(start, None);
    |                           ^^^^^^^^^^^^^^^ private method
    |
   ::: /private/tmp/ferromark-v2-paragraph-B-features/sources/candidate/crates/ferromark_parser/src/parser/block.rs:197:5
    |
197 | /     fn parse_paragraph<const LINE_COMMENTS: bool>(
198 | |         &mut self,
199 | |         start: usize,
200 | |         first_line_end: Option<usize>,
201 | |     ) -> ParseResult<Option<Node<'a>>> {
    | |______________________________________- private method defined here

For more information about this error, try `rustc --explain E0624`.
error: could not compile `ferromark_parser` (lib) due to 1 previous error
warning: build failed, waiting for other jobs to finish...
