warning: profile package spec `bun_react_compiler` in profile `release` did not match any packages
   Compiling proc-macro2 v1.0.106
   Compiling quote v1.0.45
   Compiling unicode-ident v1.0.24
   Compiling memchr v2.8.0
   Compiling rustversion v1.0.22
   Compiling thiserror v2.0.18
   Compiling itoa v1.0.18
   Compiling libc v0.2.186
   Compiling heck v0.5.0
   Compiling bun_opaque v0.0.0 (/private/tmp/ferromark-v2-paragraph-B-native/bun/src/opaque)
   Compiling allocator-api2 v0.2.21
   Compiling konst_macro_rules v0.2.19
   Compiling unicode-xid v0.2.6
   Compiling bun_mimalloc_sys v0.0.0 (/private/tmp/ferromark-v2-paragraph-B-native/bun/src/mimalloc_sys)
   Compiling konst v0.2.20
   Compiling ident_case v1.0.1
   Compiling fnv v1.0.7
   Compiling bstr v1.12.1
   Compiling smallvec v1.15.1
   Compiling rustc-hash v2.1.2
   Compiling zmij v1.0.23
   Compiling bumpalo v3.20.3
   Compiling bun_output_tags v0.0.0 (/private/tmp/ferromark-v2-paragraph-B-native/bun/src/bun_output_tags)
   Compiling bun_core v0.0.0 (/private/tmp/ferromark-v2-paragraph-B-native/bun/src/bun_core)
   Compiling bytemuck v1.25.0
   Compiling bun_wyhash v0.0.0 (/private/tmp/ferromark-v2-paragraph-B-native/bun/src/wyhash)
   Compiling bun_highway v0.0.0 (/private/tmp/ferromark-v2-paragraph-B-native/bun/src/highway)
   Compiling bun_simdutf_sys v0.0.0 (/private/tmp/ferromark-v2-paragraph-B-native/bun/src/simdutf_sys)
   Compiling bun_hash v0.0.0 (/private/tmp/ferromark-v2-paragraph-B-native/bun/src/hash)
   Compiling scopeguard v1.2.0
   Compiling static_assertions v1.1.0
   Compiling cfg-if v1.0.4
   Compiling serde_core v1.0.228
   Compiling serde_json v1.0.151
   Compiling bun_windows_sys v0.0.0 (/private/tmp/ferromark-v2-paragraph-B-native/bun/src/windows_sys)
   Compiling bitflags v2.11.1
   Compiling paste v1.0.15
   Compiling ferromark_allocator v2.0.0-dev.0 (/private/tmp/ferromark-v2-paragraph-B-native/sources/ferromark_v2/crates/ferromark_allocator)
   Compiling ox_content_allocator v3.2.3 (/private/tmp/ferromark-v2-paragraph-B-native/sources/ox_content/crates/ox_content_allocator)
   Compiling ferromark_ast v2.0.0-dev.0 (/private/tmp/ferromark-v2-paragraph-B-native/sources/ferromark_v2/crates/ferromark_ast)
   Compiling hashbrown v0.15.5
   Compiling ox_content_ast v3.2.3 (/private/tmp/ferromark-v2-paragraph-B-native/sources/ox_content/crates/ox_content_ast)
   Compiling pulldown-cmark v0.13.4
   Compiling unicode-width v0.2.2
   Compiling getopts v0.2.24
   Compiling syn v2.0.117
   Compiling const_format_proc_macros v0.2.34
   Compiling castaway v0.2.4
   Compiling bun_alloc v0.0.0 (/private/tmp/ferromark-v2-paragraph-B-native/bun/src/bun_alloc)
   Compiling unicase v2.9.0
   Compiling const_format v0.2.36
   Compiling pulldown-cmark-escape v0.11.0
   Compiling native-comparison-worker v0.0.0 (/private/tmp/ferromark-v2-paragraph-B-native/bun/comparison-worker)
   Compiling html-escape v0.2.14
   Compiling ferromark v0.9.0 (/private/tmp/ferromark-v2-paragraph-B-native/sources/ferromark_v1)
   Compiling darling_core v0.21.3
   Compiling compact_str v0.10.0
   Compiling thiserror-impl v2.0.18
   Compiling strum_macros v0.26.4
   Compiling bun_dispatch v0.0.0 (/private/tmp/ferromark-v2-paragraph-B-native/bun/src/dispatch)
   Compiling bun_core_macros v0.0.0 (/private/tmp/ferromark-v2-paragraph-B-native/bun/src/bun_core_macros)
   Compiling enum-map-derive v0.17.0
   Compiling enum-map v2.7.3
   Compiling strum v0.26.3
   Compiling darling_macro v0.21.3
   Compiling darling v0.21.3
   Compiling ferromark_renderer v2.0.0-dev.0 (/private/tmp/ferromark-v2-paragraph-B-native/sources/ferromark_v2/crates/ferromark_renderer)
   Compiling ferromark_parser v2.0.0-dev.0 (/private/tmp/ferromark-v2-paragraph-B-native/sources/ferromark_v2/crates/ferromark_parser)
   Compiling ox_content_renderer v3.2.3 (/private/tmp/ferromark-v2-paragraph-B-native/sources/ox_content/crates/ox_content_renderer)
   Compiling ox_content_parser v3.2.3 (/private/tmp/ferromark-v2-paragraph-B-native/sources/ox_content/crates/ox_content_parser)
error[E0624]: method `parse_paragraph` is private
   --> /private/tmp/ferromark-v2-paragraph-B-native/sources/ferromark_v2/crates/ferromark_parser/src/parser/math.rs:30:25
    |
 30 |               return self.parse_paragraph(start, None);
    |                           ^^^^^^^^^^^^^^^ private method
    |
   ::: /private/tmp/ferromark-v2-paragraph-B-native/sources/ferromark_v2/crates/ferromark_parser/src/parser/block.rs:197:5
    |
197 | /     fn parse_paragraph<const LINE_COMMENTS: bool>(
198 | |         &mut self,
199 | |         start: usize,
200 | |         first_line_end: Option<usize>,
201 | |     ) -> ParseResult<Option<Node<'a>>> {
    | |______________________________________- private method defined here

For more information about this error, try `rustc --explain E0624`.
error: could not compile `ferromark_parser` (lib) due to 1 previous error
warning: build failed, waiting for other jobs to finish...
