   Compiling proc-macro2 v1.0.107
   Compiling quote v1.0.47
   Compiling unicode-ident v1.0.24
   Compiling zmij v1.0.23
   Compiling rustversion v1.0.23
   Compiling serde_core v1.0.229
   Compiling thiserror v2.0.20
   Compiling bumpalo v3.20.3
   Compiling itoa v1.0.18
   Compiling serde_json v1.0.151
   Compiling static_assertions v1.1.0
   Compiling memchr v2.8.3
   Compiling cfg-if v1.0.4
   Compiling smallvec v1.16.0
   Compiling rustc-hash v2.1.3
   Compiling ferromark_allocator v2.0.0-dev.0 (/private/tmp/ferromark-v2-paragraph-B3-features/sources/candidate/crates/ferromark_allocator)
   Compiling ferromark_ast v2.0.0-dev.0 (/private/tmp/ferromark-v2-paragraph-B3-features/sources/candidate/crates/ferromark_ast)
   Compiling castaway v0.2.4
   Compiling compact_str v0.10.0
   Compiling syn v3.0.4
   Compiling thiserror-impl v2.0.20
   Compiling ferromark_renderer v2.0.0-dev.0 (/private/tmp/ferromark-v2-paragraph-B3-features/sources/candidate/crates/ferromark_renderer)
   Compiling ferromark_parser v2.0.0-dev.0 (/private/tmp/ferromark-v2-paragraph-B3-features/sources/candidate/crates/ferromark_parser)
   Compiling ferromark v2.0.0-dev.0 (/private/tmp/ferromark-v2-paragraph-B3-features/sources/candidate/crates/ferromark)
   Compiling feature-scan-worker v0.0.0 (/private/tmp/ferromark-v2-paragraph-B3-features/candidate)
    Finished `release` profile [optimized] target(s) in 16.92s
