[  5%] Building C object extensions/CMakeFiles/libcmark-gfm-extensions_static.dir/core-extensions.c.o
[  5%] Building C object src/CMakeFiles/libcmark-gfm_static.dir/cmark.c.o
[  7%] Building C object extensions/CMakeFiles/libcmark-gfm-extensions_static.dir/table.c.o
[ 10%] Building C object src/CMakeFiles/libcmark-gfm_static.dir/node.c.o
[ 13%] Building C object src/CMakeFiles/libcmark-gfm_static.dir/iterator.c.o
[ 15%] Building C object extensions/CMakeFiles/libcmark-gfm-extensions_static.dir/strikethrough.c.o
[ 18%] Building C object extensions/CMakeFiles/libcmark-gfm-extensions_static.dir/autolink.c.o
[ 21%] Building C object src/CMakeFiles/libcmark-gfm_static.dir/blocks.c.o
[ 23%] Building C object extensions/CMakeFiles/libcmark-gfm-extensions_static.dir/tagfilter.c.o
[ 26%] Building C object extensions/CMakeFiles/libcmark-gfm-extensions_static.dir/ext_scanners.c.o
[ 28%] Building C object extensions/CMakeFiles/libcmark-gfm-extensions_static.dir/tasklist.c.o
[ 31%] Building C object src/CMakeFiles/libcmark-gfm_static.dir/inlines.c.o
[ 34%] Linking C static library libcmark-gfm-extensions.a
[ 34%] Built target libcmark-gfm-extensions_static
[ 36%] Building C object src/CMakeFiles/libcmark-gfm_static.dir/scanners.c.o
[ 39%] Building C object src/CMakeFiles/libcmark-gfm_static.dir/utf8.c.o
[ 42%] Building C object src/CMakeFiles/libcmark-gfm_static.dir/buffer.c.o
[ 44%] Building C object src/CMakeFiles/libcmark-gfm_static.dir/references.c.o
[ 47%] Building C object src/CMakeFiles/libcmark-gfm_static.dir/footnotes.c.o
[ 50%] Building C object src/CMakeFiles/libcmark-gfm_static.dir/map.c.o
[ 52%] Building C object src/CMakeFiles/libcmark-gfm_static.dir/render.c.o
[ 55%] Building C object src/CMakeFiles/libcmark-gfm_static.dir/man.c.o
[ 57%] Building C object src/CMakeFiles/libcmark-gfm_static.dir/xml.c.o
[ 60%] Building C object src/CMakeFiles/libcmark-gfm_static.dir/html.c.o
[ 63%] Building C object src/CMakeFiles/libcmark-gfm_static.dir/commonmark.c.o
[ 65%] Building C object src/CMakeFiles/libcmark-gfm_static.dir/plaintext.c.o
[ 68%] Building C object src/CMakeFiles/libcmark-gfm_static.dir/latex.c.o
[ 71%] Building C object src/CMakeFiles/libcmark-gfm_static.dir/houdini_href_e.c.o
[ 73%] Building C object src/CMakeFiles/libcmark-gfm_static.dir/houdini_html_e.c.o
[ 76%] Building C object src/CMakeFiles/libcmark-gfm_static.dir/houdini_html_u.c.o
[ 78%] Building C object src/CMakeFiles/libcmark-gfm_static.dir/cmark_ctype.c.o
[ 81%] Building C object src/CMakeFiles/libcmark-gfm_static.dir/arena.c.o
[ 84%] Building C object src/CMakeFiles/libcmark-gfm_static.dir/linked_list.c.o
[ 86%] Building C object src/CMakeFiles/libcmark-gfm_static.dir/syntax_extension.c.o
[ 89%] Building C object src/CMakeFiles/libcmark-gfm_static.dir/registry.c.o
[ 92%] Building C object src/CMakeFiles/libcmark-gfm_static.dir/plugin.c.o
[ 94%] Linking C static library libcmark-gfm.a
[ 94%] Built target libcmark-gfm_static
[ 97%] Building C object src/CMakeFiles/cmark-gfm.dir/main.c.o
[100%] Linking C executable cmark-gfm
[100%] Built target cmark-gfm
