-- The C compiler identification is AppleClang 21.0.0.21000334
-- The CXX compiler identification is AppleClang 21.0.0.21000334
-- Detecting C compiler ABI info
-- Detecting C compiler ABI info - done
-- Check for working C compiler: /Library/Developer/CommandLineTools/usr/bin/cc - skipped
-- Detecting C compile features
-- Detecting C compile features - done
-- Detecting CXX compiler ABI info
-- Detecting CXX compiler ABI info - done
-- Check for working CXX compiler: /Library/Developer/CommandLineTools/usr/bin/c++ - skipped
-- Detecting CXX compile features
-- Detecting CXX compile features - done
-- Performing Test HAVE_FLAG_ADDRESS_SANITIZER
-- Performing Test HAVE_FLAG_ADDRESS_SANITIZER - Failed
-- Performing Test HAVE_FLAG_SANITIZE_ADDRESS
-- Performing Test HAVE_FLAG_SANITIZE_ADDRESS - Success
-- Checking _FILE_OFFSET_BITS for large files
-- Checking _FILE_OFFSET_BITS for large files - not needed
-- Performing Test COMPILER_HAS_HIDDEN_VISIBILITY
-- Performing Test COMPILER_HAS_HIDDEN_VISIBILITY - Success
-- Performing Test COMPILER_HAS_HIDDEN_INLINE_VISIBILITY
-- Performing Test COMPILER_HAS_HIDDEN_INLINE_VISIBILITY - Success
-- Performing Test COMPILER_HAS_DEPRECATED_ATTR
-- Performing Test COMPILER_HAS_DEPRECATED_ATTR - Success
-- Looking for stdbool.h
-- Looking for stdbool.h - found
-- Performing Test HAVE___BUILTIN_EXPECT
-- Performing Test HAVE___BUILTIN_EXPECT - Success
-- Performing Test HAVE___ATTRIBUTE__
-- Performing Test HAVE___ATTRIBUTE__ - Success
-- Configuring done (1.7s)
-- Generating done (0.0s)
-- Build files have been written to: /tmp/ferromark-v2-correctness-fixes/cmark-build-reviewed/cmark-gfm
CMake Deprecation Warning at CMakeLists.txt:1 (cmake_minimum_required):
  Compatibility with CMake < 3.10 will be removed from a future version of
  CMake.

  Update the VERSION argument <min> value.  Or, use the <min>...<max> syntax
  to tell CMake that the project requires at least <min> but has been updated
  to work with policies introduced by <max> or earlier.


