[  4%] Building C object src/CMakeFiles/cmark.dir/buffer.c.o
[  9%] Building C object src/CMakeFiles/cmark.dir/blocks.c.o
[ 13%] Building C object src/CMakeFiles/cmark.dir/cmark.c.o
[ 18%] Building C object src/CMakeFiles/cmark.dir/cmark_ctype.c.o
[ 22%] Building C object src/CMakeFiles/cmark.dir/commonmark.c.o
[ 27%] Building C object src/CMakeFiles/cmark.dir/houdini_href_e.c.o
[ 31%] Building C object src/CMakeFiles/cmark.dir/houdini_html_e.c.o
[ 36%] Building C object src/CMakeFiles/cmark.dir/houdini_html_u.c.o
[ 40%] Building C object src/CMakeFiles/cmark.dir/html.c.o
[ 45%] Building C object src/CMakeFiles/cmark.dir/inlines.c.o
[ 50%] Building C object src/CMakeFiles/cmark.dir/iterator.c.o
[ 54%] Building C object src/CMakeFiles/cmark.dir/latex.c.o
[ 59%] Building C object src/CMakeFiles/cmark.dir/man.c.o
[ 63%] Building C object src/CMakeFiles/cmark.dir/node.c.o
[ 68%] Building C object src/CMakeFiles/cmark.dir/references.c.o
[ 72%] Building C object src/CMakeFiles/cmark.dir/render.c.o
[ 77%] Building C object src/CMakeFiles/cmark.dir/scanners.c.o
[ 81%] Building C object src/CMakeFiles/cmark.dir/utf8.c.o
[ 86%] Building C object src/CMakeFiles/cmark.dir/xml.c.o
[ 90%] Linking C static library libcmark.a
[ 90%] Built target cmark
[ 95%] Building C object src/CMakeFiles/cmark_exe.dir/main.c.o
[100%] Linking C executable cmark
[100%] Built target cmark_exe
