   Compiling ferromark-workflows v0.0.0 (/private/tmp/ferromark-ox-workflow-study/cache-ferro)
warning: method `options` is never used
  --> src/main.rs:26:16
   |
 7 |     impl Renderer {
   |     ------------- method in this implementation
...
26 |         pub fn options(&self) -> String {
   |                ^^^^^^^
   |
   = note: `#[warn(dead_code)]` (part of `#[warn(unused)]`) on by default

warning: `ferromark-workflows` (bin "ferromark-workflows") generated 1 warning
    Finished `release` profile [optimized] target(s) in 6.39s
   Compiling ferromark-ox-content-comparison v0.0.0 (/private/tmp/ferromark-ox-workflow-study/cache-ox)
warning: method `options` is never used
  --> main.rs:49:16
   |
13 |     impl Renderer {
   |     ------------- method in this implementation
...
49 |         pub fn options(&self) -> String {
   |                ^^^^^^^
   |
   = note: `#[warn(dead_code)]` (part of `#[warn(unused)]`) on by default

warning: `ferromark-ox-content-comparison` (bin "ox-content-driver") generated 1 warning
    Finished `release` profile [optimized] target(s) in 6.45s
