info: syncing channel updates for 1.95-x86_64-unknown-linux-gnu
info: latest update on 2026-04-16 for version 1.95.0 (59807616e 2026-04-14)
info: downloading 5 components
warn: the missing active toolchain `1.95-x86_64-unknown-linux-gnu` has been auto-installed
warn: this might cause rustup commands to take longer time to finish than expected
info: you may opt out with `RUSTUP_AUTO_INSTALL=0` or `rustup set auto-install disable`
    Updating crates.io index
 Downloading crates ...
  Downloaded caseless v0.2.2
  Downloaded finl_unicode v1.5.0
  Downloaded siphasher v1.0.4
  Downloaded typed-arena v2.0.2
  Downloaded entities v1.0.1
  Downloaded cfg-if v1.0.4
  Downloaded quote v1.0.47
  Downloaded zmij v1.0.23
  Downloaded smallvec v1.16.0
  Downloaded phf_generator v0.13.1
  Downloaded thiserror v2.0.20
  Downloaded thiserror-impl v2.0.20
  Downloaded unicode-ident v1.0.24
  Downloaded unicode-normalization v0.1.25
  Downloaded serde_json v1.0.151
  Downloaded serde_core v1.0.229
  Downloaded serde v1.0.229
  Downloaded compact_str v0.10.0
  Downloaded unicode-id v0.3.7
  Downloaded markdown v1.0.0
  Downloaded tinyvec v1.13.3
  Downloaded proc-macro2 v1.0.107
  Downloaded comrak v0.55.0
  Downloaded memchr v2.8.3
  Downloaded jetscii v0.5.3
  Downloaded rustversion v1.0.23
  Downloaded syn v3.0.4
  Downloaded rustc-hash v2.1.3
  Downloaded static_assertions v1.1.0
  Downloaded phf_shared v0.13.1
  Downloaded itoa v1.0.18
  Downloaded phf_codegen v0.13.1
  Downloaded bumpalo v3.20.3
  Downloaded phf v0.13.1
  Downloaded castaway v0.2.4
  Downloaded fastrand v2.5.0
   Compiling proc-macro2 v1.0.107
   Compiling unicode-ident v1.0.24
   Compiling siphasher v1.0.4
   Compiling quote v1.0.47
   Compiling zmij v1.0.23
   Compiling phf_shared v0.13.1
   Compiling fastrand v2.5.0
   Compiling rustversion v1.0.23
   Compiling serde_core v1.0.229
   Compiling phf_generator v0.13.1
   Compiling phf_codegen v0.13.1
   Compiling entities v1.0.1
   Compiling serde_json v1.0.151
   Compiling jetscii v0.5.3
   Compiling syn v3.0.4
   Compiling tinyvec v1.13.3
   Compiling itoa v1.0.18
   Compiling thiserror v2.0.20
   Compiling castaway v0.2.4
   Compiling unicode-normalization v0.1.25
   Compiling comrak v0.55.0
   Compiling static_assertions v1.1.0
   Compiling cfg-if v1.0.4
   Compiling rustc-hash v2.1.3
   Compiling smallvec v1.16.0
   Compiling memchr v2.8.3
   Compiling caseless v0.2.2
   Compiling compact_str v0.10.0
   Compiling phf v0.13.1
   Compiling finl_unicode v1.5.0
   Compiling unicode-id v0.3.7
   Compiling typed-arena v2.0.2
   Compiling thiserror-impl v2.0.20
   Compiling bumpalo v3.20.3
   Compiling markdown v1.0.0
   Compiling ferromark v2.4.0 (/home/runner/work/ferromark/ferromark)
   Compiling markdown-ecosystem-worker v0.0.0 (/home/runner/work/ferromark/ferromark/benchmarks/markdown-ecosystem/native)
    Finished `release` profile [optimized] target(s) in 24.13s
-- The C compiler identification is GNU 13.3.0
-- The CXX compiler identification is GNU 13.3.0
-- Detecting C compiler ABI info
-- Detecting C compiler ABI info - done
-- Check for working C compiler: /usr/bin/cc - skipped
-- Detecting C compile features
-- Detecting C compile features - done
-- Detecting CXX compiler ABI info
-- Detecting CXX compiler ABI info - done
-- Check for working CXX compiler: /usr/bin/c++ - skipped
-- Detecting CXX compile features
-- Detecting CXX compile features - done
CMake Warning (dev) at CMakeLists.txt:37 (message):
  'CMARK_SHARED' has been replaced with the standard 'BUILD_SHARED_LIBS' to
  control the library type.

This warning is for project developers.  Use -Wno-dev to suppress it.

CMake Warning (dev) at CMakeLists.txt:43 (message):
  'CMARK_STATIC' has been replaced with the standard 'BUILD_SHARED_LIBS' to
  control the library type.

This warning is for project developers.  Use -Wno-dev to suppress it.

-- Performing Test COMPILER_HAS_HIDDEN_VISIBILITY
-- Performing Test COMPILER_HAS_HIDDEN_VISIBILITY - Success
-- Performing Test COMPILER_HAS_HIDDEN_INLINE_VISIBILITY
-- Performing Test COMPILER_HAS_HIDDEN_INLINE_VISIBILITY - Success
-- Performing Test COMPILER_HAS_DEPRECATED_ATTR
-- Performing Test COMPILER_HAS_DEPRECATED_ATTR - Success
-- Found Python3: /usr/bin/python3.12 (found version "3.12.3") found components: Interpreter
-- Configuring done (4.0s)
-- Generating done (0.2s)
CMake Warning:
  Manually-specified variables were not used by the project:

    CMAKE_POLICY_VERSION_MINIMUM
    CMARK_TESTS


-- Build files have been written to: /home/runner/work/_temp/ecosystem-build/cmark-build
[  3%] Building C object src/CMakeFiles/cmark.dir/blocks.c.o
[  7%] Building C object src/CMakeFiles/cmark.dir/buffer.c.o
[ 11%] Building C object src/CMakeFiles/cmark.dir/cmark.c.o
[ 15%] Building C object src/CMakeFiles/cmark.dir/cmark_ctype.c.o
[ 19%] Building C object src/CMakeFiles/cmark.dir/commonmark.c.o
[ 23%] Building C object src/CMakeFiles/cmark.dir/houdini_href_e.c.o
[ 26%] Building C object src/CMakeFiles/cmark.dir/houdini_html_e.c.o
[ 30%] Building C object src/CMakeFiles/cmark.dir/houdini_html_u.c.o
[ 34%] Building C object src/CMakeFiles/cmark.dir/html.c.o
[ 38%] Building C object src/CMakeFiles/cmark.dir/inlines.c.o
[ 42%] Building C object src/CMakeFiles/cmark.dir/iterator.c.o
[ 46%] Building C object src/CMakeFiles/cmark.dir/latex.c.o
[ 50%] Building C object src/CMakeFiles/cmark.dir/man.c.o
[ 53%] Building C object src/CMakeFiles/cmark.dir/node.c.o
[ 57%] Building C object src/CMakeFiles/cmark.dir/references.c.o
[ 61%] Building C object src/CMakeFiles/cmark.dir/render.c.o
[ 65%] Building C object src/CMakeFiles/cmark.dir/scanners.c.o
[ 69%] Building C object src/CMakeFiles/cmark.dir/utf8.c.o
[ 73%] Building C object src/CMakeFiles/cmark.dir/xml.c.o
[ 76%] Linking C static library libcmark.a
[ 76%] Built target cmark
[ 80%] Building C object src/CMakeFiles/cmark_exe.dir/main.c.o
[ 84%] Building CXX object api_test/CMakeFiles/api_test.dir/cplusplus.cpp.o
[ 88%] Linking C executable cmark
[ 88%] Built target cmark_exe
[ 92%] Building C object api_test/CMakeFiles/api_test.dir/harness.c.o
[ 96%] Building C object api_test/CMakeFiles/api_test.dir/main.c.o
[100%] Linking CXX executable api_test
[100%] Built target api_test
CMake Deprecation Warning at CMakeLists.txt:1 (cmake_minimum_required):
  Compatibility with CMake < 3.10 will be removed from a future version of
  CMake.

  Update the VERSION argument <min> value.  Or, use the <min>...<max> syntax
  to tell CMake that the project requires at least <min> but has been updated
  to work with policies introduced by <max> or earlier.


-- The C compiler identification is GNU 13.3.0
-- The CXX compiler identification is GNU 13.3.0
-- Detecting C compiler ABI info
-- Detecting C compiler ABI info - done
-- Check for working C compiler: /usr/bin/cc - skipped
-- Detecting C compile features
-- Detecting C compile features - done
-- Detecting CXX compiler ABI info
-- Detecting CXX compiler ABI info - done
-- Check for working CXX compiler: /usr/bin/c++ - skipped
-- Detecting CXX compile features
-- Detecting CXX compile features - done
-- Performing Test HAVE_FLAG_ADDRESS_SANITIZER
-- Performing Test HAVE_FLAG_ADDRESS_SANITIZER - Failed
-- Performing Test HAVE_FLAG_SANITIZE_ADDRESS
-- Performing Test HAVE_FLAG_SANITIZE_ADDRESS - Success
-- Checking _FILE_OFFSET_BITS for large files
-- Checking _FILE_OFFSET_BITS for large files - not needed
-- Performing Test COMPILER_HAS_HIDDEN_VISIBILITY
-- Performing Test COMPILER_HAS_HIDDEN_VISIBILITY - Success
-- Performing Test COMPILER_HAS_HIDDEN_INLINE_VISIBILITY
-- Performing Test COMPILER_HAS_HIDDEN_INLINE_VISIBILITY - Success
-- Performing Test COMPILER_HAS_DEPRECATED_ATTR
-- Performing Test COMPILER_HAS_DEPRECATED_ATTR - Success
-- Looking for stdbool.h
-- Looking for stdbool.h - found
-- Performing Test HAVE___BUILTIN_EXPECT
-- Performing Test HAVE___BUILTIN_EXPECT - Success
-- Performing Test HAVE___ATTRIBUTE__
-- Performing Test HAVE___ATTRIBUTE__ - Success
-- Configuring done (2.7s)
-- Generating done (0.0s)
CMake Warning:
  Manually-specified variables were not used by the project:

    CMAKE_POLICY_VERSION_MINIMUM


-- Build files have been written to: /home/runner/work/_temp/ecosystem-build/cmark-gfm-build
[  2%] Building C object extensions/CMakeFiles/libcmark-gfm-extensions_static.dir/core-extensions.c.o
[  5%] Building C object src/CMakeFiles/libcmark-gfm_static.dir/cmark.c.o
[ 10%] Building C object extensions/CMakeFiles/libcmark-gfm-extensions_static.dir/table.c.o
[ 10%] Building C object src/CMakeFiles/libcmark-gfm_static.dir/node.c.o
[ 15%] Building C object src/CMakeFiles/libcmark-gfm_static.dir/iterator.c.o
[ 15%] Building C object extensions/CMakeFiles/libcmark-gfm-extensions_static.dir/strikethrough.c.o
[ 21%] Building C object extensions/CMakeFiles/libcmark-gfm-extensions_static.dir/autolink.c.o
[ 21%] Building C object src/CMakeFiles/libcmark-gfm_static.dir/blocks.c.o
[ 23%] Building C object extensions/CMakeFiles/libcmark-gfm-extensions_static.dir/tagfilter.c.o
[ 26%] Building C object extensions/CMakeFiles/libcmark-gfm-extensions_static.dir/ext_scanners.c.o
[ 28%] Building C object extensions/CMakeFiles/libcmark-gfm-extensions_static.dir/tasklist.c.o
[ 31%] Linking C static library libcmark-gfm-extensions.a
[ 34%] Building C object src/CMakeFiles/libcmark-gfm_static.dir/inlines.c.o
[ 34%] Built target libcmark-gfm-extensions_static
[ 36%] Building C object src/CMakeFiles/libcmark-gfm_static.dir/scanners.c.o
[ 39%] Building C object src/CMakeFiles/libcmark-gfm_static.dir/utf8.c.o
[ 42%] Building C object src/CMakeFiles/libcmark-gfm_static.dir/buffer.c.o
[ 44%] Building C object src/CMakeFiles/libcmark-gfm_static.dir/references.c.o
[ 47%] Building C object src/CMakeFiles/libcmark-gfm_static.dir/footnotes.c.o
[ 50%] Building C object src/CMakeFiles/libcmark-gfm_static.dir/map.c.o
[ 52%] Building C object src/CMakeFiles/libcmark-gfm_static.dir/render.c.o
[ 55%] Building C object src/CMakeFiles/libcmark-gfm_static.dir/man.c.o
[ 57%] Building C object src/CMakeFiles/libcmark-gfm_static.dir/xml.c.o
[ 60%] Building C object src/CMakeFiles/libcmark-gfm_static.dir/html.c.o
[ 63%] Building C object src/CMakeFiles/libcmark-gfm_static.dir/commonmark.c.o
[ 65%] Building C object src/CMakeFiles/libcmark-gfm_static.dir/plaintext.c.o
[ 68%] Building C object src/CMakeFiles/libcmark-gfm_static.dir/latex.c.o
[ 71%] Building C object src/CMakeFiles/libcmark-gfm_static.dir/houdini_href_e.c.o
[ 73%] Building C object src/CMakeFiles/libcmark-gfm_static.dir/houdini_html_e.c.o
[ 76%] Building C object src/CMakeFiles/libcmark-gfm_static.dir/houdini_html_u.c.o
[ 78%] Building C object src/CMakeFiles/libcmark-gfm_static.dir/cmark_ctype.c.o
[ 81%] Building C object src/CMakeFiles/libcmark-gfm_static.dir/arena.c.o
[ 84%] Building C object src/CMakeFiles/libcmark-gfm_static.dir/linked_list.c.o
[ 86%] Building C object src/CMakeFiles/libcmark-gfm_static.dir/syntax_extension.c.o
[ 89%] Building C object src/CMakeFiles/libcmark-gfm_static.dir/registry.c.o
[ 92%] Building C object src/CMakeFiles/libcmark-gfm_static.dir/plugin.c.o
[ 94%] Linking C static library libcmark-gfm.a
[ 94%] Built target libcmark-gfm_static
[ 97%] Building C object src/CMakeFiles/cmark-gfm.dir/main.c.o
[100%] Linking C executable cmark-gfm
[100%] Built target cmark-gfm
/home/runner/work/_temp/ecosystem-build/worker
