   Compiling proc-macro2 v1.0.107
   Compiling unicode-ident v1.0.24
   Compiling quote v1.0.47
   Compiling rustversion v1.0.23
   Compiling zmij v1.0.23
   Compiling bumpalo v3.20.3
   Compiling serde_core v1.0.229
   Compiling itoa v1.0.18
   Compiling thiserror v2.0.20
   Compiling static_assertions v1.1.0
   Compiling memchr v2.8.3
   Compiling cfg-if v1.0.4
   Compiling serde_json v1.0.151
   Compiling smallvec v1.16.0
   Compiling rustc-hash v2.1.3
   Compiling ferromark_allocator v2.0.0-dev.0 (/Users/sebastian/Workspace/ferromark-v2/crates/ferromark_allocator)
   Compiling ferromark_ast v2.0.0-dev.0 (/Users/sebastian/Workspace/ferromark-v2/crates/ferromark_ast)
   Compiling syn v3.0.4
   Compiling castaway v0.2.4
   Compiling thiserror-impl v2.0.20
   Compiling compact_str v0.10.0
   Compiling ferromark_parser v2.0.0-dev.0 (/Users/sebastian/Workspace/ferromark-v2/crates/ferromark_parser)
   Compiling ferromark_renderer v2.0.0-dev.0 (/Users/sebastian/Workspace/ferromark-v2/crates/ferromark_renderer)
   Compiling ferromark v2.0.0-dev.0 (/Users/sebastian/Workspace/ferromark-v2/crates/ferromark)
   Compiling compatibility-audit-worker v0.0.0 (/private/tmp/ferromark-v2-correctness-round2/audit-build)
    Finished `release` profile [optimized] target(s) in 7.97s
/private/tmp/ferromark-v2-correctness-round2/audit-build/target/release/compatibility-audit-worker
