$ cargo build -p ferromark-node --profile release-node --locked
    Updating crates.io index
 Downloading crates ...
  Downloaded napi-build v2.3.2
  Downloaded futures-channel v0.3.34
  Downloaded unicode-ident v1.0.24
  Downloaded thiserror v2.0.20
  Downloaded smallvec v1.16.0
  Downloaded thiserror-impl v2.0.20
  Downloaded semver v1.0.28
  Downloaded bitflags v2.13.1
  Downloaded unicode-segmentation v1.13.3
  Downloaded napi-derive-backend v6.0.0
  Downloaded libloading v0.9.0
  Downloaded slab v0.4.12
  Downloaded napi v3.11.0
  Downloaded futures-util v0.3.34
  Downloaded pin-project-lite v0.2.17
  Downloaded napi-sys v3.3.0
  Downloaded futures-executor v0.3.34
  Downloaded ctor v1.0.13
  Downloaded convert_case v0.11.0
  Downloaded napi-derive v3.6.0
  Downloaded syn v3.0.4
  Downloaded futures-sink v0.3.34
  Downloaded futures-macro v0.3.34
  Downloaded futures-core v0.3.34
  Downloaded cfg-if v1.0.4
  Downloaded nohash-hasher v0.2.0
  Downloaded futures-task v0.3.34
  Downloaded futures-io v0.3.34
  Downloaded futures v0.3.34
   Compiling proc-macro2 v1.0.107
   Compiling unicode-ident v1.0.24
   Compiling quote v1.0.47
   Compiling memchr v2.8.3
   Compiling zmij v1.0.23
   Compiling rustversion v1.0.23
   Compiling cfg-if v1.0.4
   Compiling napi-build v2.3.2
   Compiling serde_core v1.0.229
   Compiling futures-sink v0.3.34
   Compiling futures-core v0.3.34
   Compiling futures-channel v0.3.34
   Compiling syn v3.0.4
   Compiling slab v0.4.12
   Compiling futures-io v0.3.34
   Compiling serde_json v1.0.151
   Compiling pin-project-lite v0.2.17
   Compiling itoa v1.0.18
   Compiling futures-task v0.3.34
   Compiling thiserror v2.0.20
   Compiling castaway v0.2.4
   Compiling rustc-hash v2.1.3
   Compiling static_assertions v1.1.0
   Compiling unicode-segmentation v1.13.3
   Compiling compact_str v0.10.0
   Compiling convert_case v0.11.0
   Compiling syn v2.0.119
   Compiling napi v3.11.0
   Compiling libloading v0.9.0
   Compiling smallvec v1.16.0
   Compiling semver v1.0.28
   Compiling bumpalo v3.20.3
   Compiling napi-sys v3.3.0
   Compiling ferromark-node v2.4.0 (/Users/runner/_work/_temp/blacksmith-macos-arm64-1/suite/source/node/native)
   Compiling nohash-hasher v0.2.0
   Compiling ctor v1.0.13
   Compiling bitflags v2.13.1
   Compiling napi-derive-backend v6.0.0
   Compiling futures-macro v0.3.34
   Compiling thiserror-impl v2.0.20
   Compiling futures-util v0.3.34
   Compiling napi-derive v3.6.0
   Compiling futures-executor v0.3.34
   Compiling futures v0.3.34
   Compiling ferromark v2.4.0 (/Users/runner/_work/_temp/blacksmith-macos-arm64-1/suite/source)
   Compiling ferromark-transforms v2.4.0 (/Users/runner/_work/_temp/blacksmith-macos-arm64-1/suite/source/transforms)
    Finished `release-node` profile [optimized] target(s) in 26.35s
