/home/runner/work/_temp/escape-linux
Built baseline
Verified baseline 2695 failures 0
Built current
Verified current 2695 failures 0
Built threshold-1024
Verified threshold-1024 2695 failures 0
Built threshold-8192
Verified threshold-8192 2695 failures 0
Built no-prefix-256
Verified no-prefix-256 2695 failures 0
Built no-prefix-1024
Verified no-prefix-1024 2695 failures 0
Built prefix-8192
Verified prefix-8192 2695 failures 0
Verified baseline 2695 failures 0
baseline timing guards 93 failures 0
baseline 20740 block/MDX/HTML guards; failures 0
baseline 16374 extra event/HTML guards; failures 0
baseline 60000 extra event/HTML guards; failures 0
baseline 12000 fence block/MDX/HTML guards; failures 0
Verified current 2695 failures 0
current timing guards 93 failures 0
current 20740 block/MDX/HTML guards; failures 0
current 16374 extra event/HTML guards; failures 0
current 60000 extra event/HTML guards; failures 0
current 12000 fence block/MDX/HTML guards; failures 0
aa-control aa-control/screen-1 20 / 26
aa-control median 0.2 ox-large-cm=0.5% ox-huge-tables=-1.0% short=-0.2% multiline=-0.0% inline=1.0% code=-0.6% corpus/vue-docs/src/guide/built-ins/suspense.md=1.3% corpus/vue-docs/src/guide/extras/render-function.md=0.2% corpus/rust-book/src/ch09-02-recoverable-errors-with-result.md=0.6% corpus/typescript-handbook/packages/documentation/copy/en/project-config/Compiler Options in MSBuild.md=-0.8% corpus/typescript-handbook/packages/documentation/copy/en/project-config/Compiler Options.md=-0.9% tables=0.3%
aa-control direct 1 direct-escape/ci-plain=-0.1% direct-escape/ci-html-heavy=+3.6% direct-escape/plain-128=+0.2% direct-escape/late-quote-128=+2.7% direct-escape/plain-512=-0.2% direct-escape/late-quote-512=+0.4% direct-escape/plain-1024=+0.3% direct-escape/late-quote-1024=+2.9% direct-escape/plain-4096=+1.2% direct-escape/late-quote-4096=+3.6% direct-escape/plain-8192=+1.3% direct-escape/late-quote-8192=+1.0% direct-escape/plain-65536=+0.0% direct-escape/late-quote-65536=+24.9% direct-escape/quotes-4096=-0.1% direct-escape/attr-quotes-4096=-0.1% direct-escape/quotes-65536=+0.0% direct-escape/attr-quotes-65536=-0.4%
current current/screen-1 20 / 26
current median -1.1 ox-large-cm=-0.5% ox-huge-tables=-2.3% short=2.3% multiline=-0.2% inline=-3.2% code=-4.4% corpus/vue-docs/src/guide/built-ins/suspense.md=-4.4% corpus/vue-docs/src/guide/extras/render-function.md=-3.6% corpus/rust-book/src/ch09-02-recoverable-errors-with-result.md=0.8% corpus/typescript-handbook/packages/documentation/copy/en/project-config/Compiler Options in MSBuild.md=-4.6% corpus/typescript-handbook/packages/documentation/copy/en/project-config/Compiler Options.md=-3.7% tables=0.1%
current direct 1 direct-escape/ci-plain=+23.6% direct-escape/ci-html-heavy=-60.4% direct-escape/plain-128=-1.5% direct-escape/late-quote-128=-5.3% direct-escape/plain-512=+37.8% direct-escape/late-quote-512=+13.6% direct-escape/plain-1024=+38.2% direct-escape/late-quote-1024=+17.3% direct-escape/plain-4096=+20.1% direct-escape/late-quote-4096=+15.9% direct-escape/plain-8192=+18.0% direct-escape/late-quote-8192=+15.8% direct-escape/plain-65536=-5.9% direct-escape/late-quote-65536=-4.4% direct-escape/quotes-4096=-83.8% direct-escape/attr-quotes-4096=-83.4% direct-escape/quotes-65536=-98.7% direct-escape/attr-quotes-65536=-98.6%
threshold-1024 threshold-1024/screen-1 20 / 26
threshold-1024 median -1.0 ox-large-cm=-1.8% ox-huge-tables=-2.5% short=-2.6% multiline=1.5% inline=-3.5% code=-3.1% corpus/vue-docs/src/guide/built-ins/suspense.md=-1.7% corpus/vue-docs/src/guide/extras/render-function.md=-3.6% corpus/rust-book/src/ch09-02-recoverable-errors-with-result.md=-1.2% corpus/typescript-handbook/packages/documentation/copy/en/project-config/Compiler Options in MSBuild.md=-0.8% corpus/typescript-handbook/packages/documentation/copy/en/project-config/Compiler Options.md=-5.5% tables=-2.2%
threshold-1024 direct 1 direct-escape/ci-plain=+21.8% direct-escape/ci-html-heavy=+2.5% direct-escape/plain-128=+6.9% direct-escape/late-quote-128=-0.2% direct-escape/plain-512=+1.7% direct-escape/late-quote-512=-0.5% direct-escape/plain-1024=+3.1% direct-escape/late-quote-1024=-2.5% direct-escape/plain-4096=+22.0% direct-escape/late-quote-4096=+19.2% direct-escape/plain-8192=+24.1% direct-escape/late-quote-8192=+20.8% direct-escape/plain-65536=+5.5% direct-escape/late-quote-65536=-6.6% direct-escape/quotes-4096=-50.5% direct-escape/attr-quotes-4096=-54.8% direct-escape/quotes-65536=-95.9% direct-escape/attr-quotes-65536=-96.3%
threshold-8192 threshold-8192/screen-1 20 / 26
threshold-8192 median -0.1 ox-large-cm=-1.6% ox-huge-tables=-3.1% short=5.2% multiline=3.4% inline=-4.3% code=-2.5% corpus/vue-docs/src/guide/built-ins/suspense.md=-1.6% corpus/vue-docs/src/guide/extras/render-function.md=-4.0% corpus/rust-book/src/ch09-02-recoverable-errors-with-result.md=0.7% corpus/typescript-handbook/packages/documentation/copy/en/project-config/Compiler Options in MSBuild.md=-3.6% corpus/typescript-handbook/packages/documentation/copy/en/project-config/Compiler Options.md=0.3% tables=4.0%
threshold-8192 direct 1 direct-escape/ci-plain=-0.2% direct-escape/ci-html-heavy=-6.5% direct-escape/plain-128=+6.7% direct-escape/late-quote-128=-0.7% direct-escape/plain-512=+1.8% direct-escape/late-quote-512=-1.2% direct-escape/plain-1024=+1.0% direct-escape/late-quote-1024=+0.9% direct-escape/plain-4096=-0.8% direct-escape/late-quote-4096=-0.7% direct-escape/plain-8192=-0.9% direct-escape/late-quote-8192=-1.8% direct-escape/plain-65536=-11.8% direct-escape/late-quote-65536=+5.5% direct-escape/quotes-4096=+1.5% direct-escape/attr-quotes-4096=+0.2% direct-escape/quotes-65536=-94.6% direct-escape/attr-quotes-65536=-94.9%
no-prefix-256 no-prefix-256/screen-1 20 / 26
no-prefix-256 median 0.0 ox-large-cm=0.5% ox-huge-tables=0.3% short=-4.0% multiline=-0.7% inline=-4.8% code=-0.2% corpus/vue-docs/src/guide/built-ins/suspense.md=-0.7% corpus/vue-docs/src/guide/extras/render-function.md=-0.0% corpus/rust-book/src/ch09-02-recoverable-errors-with-result.md=0.1% corpus/typescript-handbook/packages/documentation/copy/en/project-config/Compiler Options in MSBuild.md=1.4% corpus/typescript-handbook/packages/documentation/copy/en/project-config/Compiler Options.md=0.1% tables=-1.5%
no-prefix-256 direct 1 direct-escape/ci-plain=+22.6% direct-escape/ci-html-heavy=+3.0% direct-escape/plain-128=+6.7% direct-escape/late-quote-128=+2.2% direct-escape/plain-512=+32.8% direct-escape/late-quote-512=+10.3% direct-escape/plain-1024=+40.3% direct-escape/late-quote-1024=+22.7% direct-escape/plain-4096=+11.3% direct-escape/late-quote-4096=+19.8% direct-escape/plain-8192=+18.3% direct-escape/late-quote-8192=+16.2% direct-escape/plain-65536=-11.6% direct-escape/late-quote-65536=-4.6% direct-escape/quotes-4096=-51.6% direct-escape/attr-quotes-4096=-54.9% direct-escape/quotes-65536=-95.9% direct-escape/attr-quotes-65536=-96.1%
no-prefix-1024 no-prefix-1024/screen-1 20 / 26
no-prefix-1024 median 1.5 ox-large-cm=4.3% ox-huge-tables=3.4% short=-1.7% multiline=11.0% inline=-1.3% code=1.1% corpus/vue-docs/src/guide/built-ins/suspense.md=3.2% corpus/vue-docs/src/guide/extras/render-function.md=3.6% corpus/rust-book/src/ch09-02-recoverable-errors-with-result.md=2.2% corpus/typescript-handbook/packages/documentation/copy/en/project-config/Compiler Options in MSBuild.md=1.7% corpus/typescript-handbook/packages/documentation/copy/en/project-config/Compiler Options.md=0.1% tables=4.0%
no-prefix-1024 direct 1 direct-escape/ci-plain=+12.8% direct-escape/ci-html-heavy=+4.3% direct-escape/plain-128=+6.7% direct-escape/late-quote-128=+1.3% direct-escape/plain-512=+9.3% direct-escape/late-quote-512=+3.2% direct-escape/plain-1024=+1.8% direct-escape/late-quote-1024=+3.3% direct-escape/plain-4096=+12.7% direct-escape/late-quote-4096=+9.8% direct-escape/plain-8192=+11.9% direct-escape/late-quote-8192=+10.2% direct-escape/plain-65536=-6.6% direct-escape/late-quote-65536=-13.9% direct-escape/quotes-4096=-33.0% direct-escape/attr-quotes-4096=-36.0% direct-escape/quotes-65536=-94.2% direct-escape/attr-quotes-65536=-94.0%
prefix-8192 prefix-8192/screen-1 20 / 26
prefix-8192 median -2.1 ox-large-cm=-1.6% ox-huge-tables=-2.7% short=0.5% multiline=-0.8% inline=-2.7% code=-4.1% corpus/vue-docs/src/guide/built-ins/suspense.md=-5.4% corpus/vue-docs/src/guide/extras/render-function.md=-5.4% corpus/rust-book/src/ch09-02-recoverable-errors-with-result.md=-0.9% corpus/typescript-handbook/packages/documentation/copy/en/project-config/Compiler Options in MSBuild.md=-4.9% corpus/typescript-handbook/packages/documentation/copy/en/project-config/Compiler Options.md=-5.3% tables=0.7%
prefix-8192 direct 1 direct-escape/ci-plain=+4.8% direct-escape/ci-html-heavy=-61.7% direct-escape/plain-128=+3.2% direct-escape/late-quote-128=-0.9% direct-escape/plain-512=+17.7% direct-escape/late-quote-512=+9.2% direct-escape/plain-1024=+10.2% direct-escape/late-quote-1024=+9.7% direct-escape/plain-4096=+3.4% direct-escape/late-quote-4096=+3.9% direct-escape/plain-8192=+2.6% direct-escape/late-quote-8192=+2.2% direct-escape/plain-65536=-12.9% direct-escape/late-quote-65536=+30.3% direct-escape/quotes-4096=-83.7% direct-escape/attr-quotes-4096=-84.0% direct-escape/quotes-65536=-98.7% direct-escape/attr-quotes-65536=-98.6%
prefix-8192 prefix-8192/screen-2 20 / 26
prefix-8192 median -1.0 ox-large-cm=-2.9% ox-huge-tables=-1.9% short=0.7% multiline=-1.0% inline=-2.6% code=-4.5% corpus/vue-docs/src/guide/built-ins/suspense.md=-5.2% corpus/vue-docs/src/guide/extras/render-function.md=-4.9% corpus/rust-book/src/ch09-02-recoverable-errors-with-result.md=-0.3% corpus/typescript-handbook/packages/documentation/copy/en/project-config/Compiler Options in MSBuild.md=-5.0% corpus/typescript-handbook/packages/documentation/copy/en/project-config/Compiler Options.md=-1.0% tables=0.4%
prefix-8192 direct 2 direct-escape/ci-plain=+2.6% direct-escape/ci-html-heavy=-59.5% direct-escape/plain-128=+6.1% direct-escape/late-quote-128=-1.5% direct-escape/plain-512=+12.4% direct-escape/late-quote-512=+7.6% direct-escape/plain-1024=+10.8% direct-escape/late-quote-1024=+7.5% direct-escape/plain-4096=+4.1% direct-escape/late-quote-4096=+2.5% direct-escape/plain-8192=+2.4% direct-escape/late-quote-8192=+2.4% direct-escape/plain-65536=-20.9% direct-escape/late-quote-65536=+4.9% direct-escape/quotes-4096=-83.7% direct-escape/attr-quotes-4096=-83.9% direct-escape/quotes-65536=-98.7% direct-escape/attr-quotes-65536=-98.6%
no-prefix-1024 no-prefix-1024/screen-2 20 / 26
no-prefix-1024 median -0.4 ox-large-cm=0.6% ox-huge-tables=0.2% short=-1.8% multiline=-0.4% inline=-3.0% code=-0.2% corpus/vue-docs/src/guide/built-ins/suspense.md=2.2% corpus/vue-docs/src/guide/extras/render-function.md=1.4% corpus/rust-book/src/ch09-02-recoverable-errors-with-result.md=-0.5% corpus/typescript-handbook/packages/documentation/copy/en/project-config/Compiler Options in MSBuild.md=1.0% corpus/typescript-handbook/packages/documentation/copy/en/project-config/Compiler Options.md=-1.0% tables=-2.0%
no-prefix-1024 direct 2 direct-escape/ci-plain=+12.3% direct-escape/ci-html-heavy=+5.9% direct-escape/plain-128=-1.6% direct-escape/late-quote-128=+3.6% direct-escape/plain-512=+4.5% direct-escape/late-quote-512=-0.4% direct-escape/plain-1024=-2.6% direct-escape/late-quote-1024=+0.3% direct-escape/plain-4096=+11.0% direct-escape/late-quote-4096=+8.9% direct-escape/plain-8192=+10.9% direct-escape/late-quote-8192=+9.8% direct-escape/plain-65536=-6.8% direct-escape/late-quote-65536=+4.4% direct-escape/quotes-4096=-32.8% direct-escape/attr-quotes-4096=-33.6% direct-escape/quotes-65536=-94.1% direct-escape/attr-quotes-65536=-93.9%
no-prefix-256 no-prefix-256/screen-2 20 / 26
no-prefix-256 median -0.6 ox-large-cm=0.9% ox-huge-tables=1.0% short=-3.1% multiline=-0.2% inline=-5.5% code=-1.7% corpus/vue-docs/src/guide/built-ins/suspense.md=-1.1% corpus/vue-docs/src/guide/extras/render-function.md=-1.2% corpus/rust-book/src/ch09-02-recoverable-errors-with-result.md=-1.3% corpus/typescript-handbook/packages/documentation/copy/en/project-config/Compiler Options in MSBuild.md=1.5% corpus/typescript-handbook/packages/documentation/copy/en/project-config/Compiler Options.md=-3.9% tables=-0.9%
no-prefix-256 direct 2 direct-escape/ci-plain=+22.4% direct-escape/ci-html-heavy=+5.7% direct-escape/plain-128=+6.6% direct-escape/late-quote-128=+1.3% direct-escape/plain-512=+32.5% direct-escape/late-quote-512=+13.3% direct-escape/plain-1024=+32.3% direct-escape/late-quote-1024=+19.5% direct-escape/plain-4096=+22.5% direct-escape/late-quote-4096=+19.9% direct-escape/plain-8192=+17.3% direct-escape/late-quote-8192=+15.9% direct-escape/plain-65536=-6.2% direct-escape/late-quote-65536=+30.7% direct-escape/quotes-4096=-51.9% direct-escape/attr-quotes-4096=-57.1% direct-escape/quotes-65536=-96.0% direct-escape/attr-quotes-65536=-96.3%
threshold-8192 threshold-8192/screen-2 20 / 26
threshold-8192 median -1.1 ox-large-cm=-3.6% ox-huge-tables=-4.4% short=1.0% multiline=-1.0% inline=-5.7% code=-2.6% corpus/vue-docs/src/guide/built-ins/suspense.md=-1.9% corpus/vue-docs/src/guide/extras/render-function.md=-3.4% corpus/rust-book/src/ch09-02-recoverable-errors-with-result.md=-1.2% corpus/typescript-handbook/packages/documentation/copy/en/project-config/Compiler Options in MSBuild.md=-1.2% corpus/typescript-handbook/packages/documentation/copy/en/project-config/Compiler Options.md=-1.9% tables=-3.0%
threshold-8192 direct 2 direct-escape/ci-plain=-0.9% direct-escape/ci-html-heavy=-0.4% direct-escape/plain-128=+7.2% direct-escape/late-quote-128=+1.7% direct-escape/plain-512=+0.7% direct-escape/late-quote-512=-0.1% direct-escape/plain-1024=-0.3% direct-escape/late-quote-1024=-0.1% direct-escape/plain-4096=-0.4% direct-escape/late-quote-4096=+2.0% direct-escape/plain-8192=+0.3% direct-escape/late-quote-8192=+0.1% direct-escape/plain-65536=-6.5% direct-escape/late-quote-65536=+14.6% direct-escape/quotes-4096=+1.6% direct-escape/attr-quotes-4096=+0.0% direct-escape/quotes-65536=-94.7% direct-escape/attr-quotes-65536=-94.9%
threshold-1024 threshold-1024/screen-2 20 / 26
threshold-1024 median -0.9 ox-large-cm=-1.9% ox-huge-tables=-3.1% short=-2.0% multiline=-0.6% inline=-5.4% code=-2.1% corpus/vue-docs/src/guide/built-ins/suspense.md=-3.0% corpus/vue-docs/src/guide/extras/render-function.md=-4.5% corpus/rust-book/src/ch09-02-recoverable-errors-with-result.md=-1.1% corpus/typescript-handbook/packages/documentation/copy/en/project-config/Compiler Options in MSBuild.md=-1.7% corpus/typescript-handbook/packages/documentation/copy/en/project-config/Compiler Options.md=-6.9% tables=-2.6%
threshold-1024 direct 2 direct-escape/ci-plain=+22.3% direct-escape/ci-html-heavy=+2.8% direct-escape/plain-128=+7.5% direct-escape/late-quote-128=+2.8% direct-escape/plain-512=-0.7% direct-escape/late-quote-512=+1.4% direct-escape/plain-1024=+2.6% direct-escape/late-quote-1024=+0.5% direct-escape/plain-4096=+21.6% direct-escape/late-quote-4096=+19.9% direct-escape/plain-8192=+18.7% direct-escape/late-quote-8192=+17.2% direct-escape/plain-65536=+1.4% direct-escape/late-quote-65536=+2.8% direct-escape/quotes-4096=-50.6% direct-escape/attr-quotes-4096=-55.6% direct-escape/quotes-65536=-96.0% direct-escape/attr-quotes-65536=-96.3%
current current/screen-2 20 / 26
current median -0.6 ox-large-cm=-1.4% ox-huge-tables=-2.3% short=-2.3% multiline=-0.9% inline=-0.9% code=-4.2% corpus/vue-docs/src/guide/built-ins/suspense.md=-5.2% corpus/vue-docs/src/guide/extras/render-function.md=-4.3% corpus/rust-book/src/ch09-02-recoverable-errors-with-result.md=0.5% corpus/typescript-handbook/packages/documentation/copy/en/project-config/Compiler Options in MSBuild.md=-4.8% corpus/typescript-handbook/packages/documentation/copy/en/project-config/Compiler Options.md=-2.0% tables=-0.6%
current direct 2 direct-escape/ci-plain=+23.6% direct-escape/ci-html-heavy=-60.8% direct-escape/plain-128=+5.2% direct-escape/late-quote-128=-0.1% direct-escape/plain-512=+44.3% direct-escape/late-quote-512=+17.8% direct-escape/plain-1024=+45.8% direct-escape/late-quote-1024=+24.6% direct-escape/plain-4096=+23.3% direct-escape/late-quote-4096=+20.4% direct-escape/plain-8192=+20.2% direct-escape/late-quote-8192=+17.9% direct-escape/plain-65536=-6.0% direct-escape/late-quote-65536=+19.9% direct-escape/quotes-4096=-83.8% direct-escape/attr-quotes-4096=-83.4% direct-escape/quotes-65536=-98.7% direct-escape/attr-quotes-65536=-98.6%
aa-control aa-control/screen-2 20 / 26
aa-control median -0.2 ox-large-cm=-0.5% ox-huge-tables=-0.9% short=-1.4% multiline=-0.1% inline=-0.8% code=-0.3% corpus/vue-docs/src/guide/built-ins/suspense.md=-1.1% corpus/vue-docs/src/guide/extras/render-function.md=-0.6% corpus/rust-book/src/ch09-02-recoverable-errors-with-result.md=0.8% corpus/typescript-handbook/packages/documentation/copy/en/project-config/Compiler Options in MSBuild.md=-0.4% corpus/typescript-handbook/packages/documentation/copy/en/project-config/Compiler Options.md=0.9% tables=0.0%
aa-control direct 2 direct-escape/ci-plain=+0.3% direct-escape/ci-html-heavy=+5.4% direct-escape/plain-128=-0.5% direct-escape/late-quote-128=+0.0% direct-escape/plain-512=-0.2% direct-escape/late-quote-512=+5.0% direct-escape/plain-1024=-0.2% direct-escape/late-quote-1024=+1.2% direct-escape/plain-4096=+0.4% direct-escape/late-quote-4096=+0.6% direct-escape/plain-8192=-0.9% direct-escape/late-quote-8192=-0.0% direct-escape/plain-65536=-0.2% direct-escape/late-quote-65536=+0.1% direct-escape/quotes-4096=+0.4% direct-escape/attr-quotes-4096=-0.3% direct-escape/quotes-65536=-0.2% direct-escape/attr-quotes-65536=-0.1%
EVIDENCE /home/runner/work/_temp/escape-linux-evidence
