/home/runner/work/_temp/escape-linux
Built baseline
Verified baseline 2695 failures 0
Built threshold-8192
Verified threshold-8192 2695 failures 0
Built bulk-cached-8192
Verified bulk-cached-8192 2695 failures 0
Built bulk-inline-8192
Verified bulk-inline-8192 2695 failures 0
Verified baseline 2695 failures 0
baseline timing guards 93 failures 0
baseline 20740 block/MDX/HTML guards; failures 0
baseline 16374 extra event/HTML guards; failures 0
baseline 60000 extra event/HTML guards; failures 0
baseline 12000 fence block/MDX/HTML guards; failures 0
Verified bulk-cached-8192 2695 failures 0
bulk-cached-8192 timing guards 93 failures 0
bulk-cached-8192 20740 block/MDX/HTML guards; failures 0
bulk-cached-8192 16374 extra event/HTML guards; failures 0
bulk-cached-8192 60000 extra event/HTML guards; failures 0
bulk-cached-8192 12000 fence block/MDX/HTML guards; failures 0
Verified bulk-inline-8192 2695 failures 0
bulk-inline-8192 timing guards 93 failures 0
bulk-inline-8192 20740 block/MDX/HTML guards; failures 0
bulk-inline-8192 16374 extra event/HTML guards; failures 0
bulk-inline-8192 60000 extra event/HTML guards; failures 0
bulk-inline-8192 12000 fence block/MDX/HTML guards; failures 0
aa-control aa-control/screen-1 20 / 26
aa-control median 0.3 ox-large-cm=0.5% ox-huge-tables=-0.1% short=1.4% multiline=2.2% inline=-0.1% code=-0.3% corpus/vue-docs/src/guide/built-ins/suspense.md=1.9% corpus/vue-docs/src/guide/extras/render-function.md=3.4% corpus/rust-book/src/ch09-02-recoverable-errors-with-result.md=1.3% corpus/typescript-handbook/packages/documentation/copy/en/project-config/Compiler Options in MSBuild.md=-3.0% corpus/typescript-handbook/packages/documentation/copy/en/project-config/Compiler Options.md=-6.1% tables=-0.9%
aa-control direct 1 direct-escape/ci-plain=-1.4% direct-escape/ci-html-heavy=-1.8% direct-escape/plain-128=-1.1% direct-escape/late-quote-128=-1.2% direct-escape/plain-512=-0.8% direct-escape/late-quote-512=-0.2% direct-escape/plain-1024=-0.7% direct-escape/late-quote-1024=+0.8% direct-escape/plain-4096=+0.3% direct-escape/late-quote-4096=+0.2% direct-escape/plain-8192=+0.2% direct-escape/late-quote-8192=-1.1% direct-escape/plain-65536=-0.2% direct-escape/late-quote-65536=-0.4% direct-escape/quotes-4096=-1.5% direct-escape/attr-quotes-4096=+2.6% direct-escape/quotes-65536=+0.5% direct-escape/attr-quotes-65536=-0.2% direct-escape/late-quote-reserved-512=-2.8% direct-escape/late-quote-reserved-8192=-0.5% direct-escape/late-quote-reserved-65536=+0.3% direct-escape/html-heavy-65536=-0.6%
threshold-8192 threshold-8192/screen-1 20 / 26
threshold-8192 median 0.3 ox-large-cm=1.2% ox-huge-tables=0.8% short=2.5% multiline=4.6% inline=4.6% code=4.1% corpus/vue-docs/src/guide/built-ins/suspense.md=0.5% corpus/vue-docs/src/guide/extras/render-function.md=0.2% corpus/rust-book/src/ch09-02-recoverable-errors-with-result.md=-2.2% corpus/typescript-handbook/packages/documentation/copy/en/project-config/Compiler Options in MSBuild.md=-1.7% corpus/typescript-handbook/packages/documentation/copy/en/project-config/Compiler Options.md=-1.8% tables=-0.6%
threshold-8192 direct 1 direct-escape/ci-plain=-2.1% direct-escape/ci-html-heavy=-1.1% direct-escape/plain-128=-2.1% direct-escape/late-quote-128=+4.5% direct-escape/plain-512=+1.4% direct-escape/late-quote-512=-13.7% direct-escape/plain-1024=+2.4% direct-escape/late-quote-1024=-6.3% direct-escape/plain-4096=-4.6% direct-escape/late-quote-4096=-4.4% direct-escape/plain-8192=-2.6% direct-escape/late-quote-8192=-3.4% direct-escape/plain-65536=-4.9% direct-escape/late-quote-65536=-5.0% direct-escape/quotes-4096=+0.5% direct-escape/attr-quotes-4096=+1.7% direct-escape/quotes-65536=-94.8% direct-escape/attr-quotes-65536=-94.8% direct-escape/late-quote-reserved-512=+0.5% direct-escape/late-quote-reserved-8192=-1.8% direct-escape/late-quote-reserved-65536=-4.8% direct-escape/html-heavy-65536=+11.6%
bulk-cached-8192 bulk-cached-8192/screen-1 20 / 26
bulk-cached-8192 median 1.7 ox-large-cm=2.9% ox-huge-tables=2.8% short=1.2% multiline=3.3% inline=3.7% code=6.6% corpus/vue-docs/src/guide/built-ins/suspense.md=1.2% corpus/vue-docs/src/guide/extras/render-function.md=1.6% corpus/rust-book/src/ch09-02-recoverable-errors-with-result.md=-1.2% corpus/typescript-handbook/packages/documentation/copy/en/project-config/Compiler Options in MSBuild.md=1.8% corpus/typescript-handbook/packages/documentation/copy/en/project-config/Compiler Options.md=4.0% tables=2.1%
bulk-cached-8192 direct 1 direct-escape/ci-plain=-2.8% direct-escape/ci-html-heavy=+11.5% direct-escape/plain-128=+2.1% direct-escape/late-quote-128=+0.2% direct-escape/plain-512=-2.9% direct-escape/late-quote-512=+0.4% direct-escape/plain-1024=-2.0% direct-escape/late-quote-1024=-2.5% direct-escape/plain-4096=-2.2% direct-escape/late-quote-4096=-4.7% direct-escape/plain-8192=-2.8% direct-escape/late-quote-8192=-4.0% direct-escape/plain-65536=+1.3% direct-escape/late-quote-65536=+1.2% direct-escape/quotes-4096=-1.8% direct-escape/attr-quotes-4096=-1.0% direct-escape/quotes-65536=-97.8% direct-escape/attr-quotes-65536=-97.7% direct-escape/late-quote-reserved-512=-3.5% direct-escape/late-quote-reserved-8192=-2.8% direct-escape/late-quote-reserved-65536=+0.7% direct-escape/html-heavy-65536=-22.2%
bulk-inline-8192 bulk-inline-8192/screen-1 20 / 26
bulk-inline-8192 median 0.7 ox-large-cm=-0.1% ox-huge-tables=-1.0% short=-1.1% multiline=-3.7% inline=8.7% code=1.3% corpus/vue-docs/src/guide/built-ins/suspense.md=1.2% corpus/vue-docs/src/guide/extras/render-function.md=0.7% corpus/rust-book/src/ch09-02-recoverable-errors-with-result.md=4.9% corpus/typescript-handbook/packages/documentation/copy/en/project-config/Compiler Options in MSBuild.md=-0.0% corpus/typescript-handbook/packages/documentation/copy/en/project-config/Compiler Options.md=0.4% tables=0.8%
bulk-inline-8192 direct 1 direct-escape/ci-plain=-1.6% direct-escape/ci-html-heavy=+10.5% direct-escape/plain-128=-2.7% direct-escape/late-quote-128=+1.6% direct-escape/plain-512=-6.3% direct-escape/late-quote-512=-11.9% direct-escape/plain-1024=-5.5% direct-escape/late-quote-1024=-8.2% direct-escape/plain-4096=-2.1% direct-escape/late-quote-4096=+0.8% direct-escape/plain-8192=-2.3% direct-escape/late-quote-8192=-2.8% direct-escape/plain-65536=+0.5% direct-escape/late-quote-65536=+0.8% direct-escape/quotes-4096=+1.6% direct-escape/attr-quotes-4096=+3.2% direct-escape/quotes-65536=-97.6% direct-escape/attr-quotes-65536=-97.8% direct-escape/late-quote-reserved-512=-2.3% direct-escape/late-quote-reserved-8192=-2.4% direct-escape/late-quote-reserved-65536=-1.6% direct-escape/html-heavy-65536=-20.6%
bulk-inline-8192 bulk-inline-8192/screen-2 20 / 26
bulk-inline-8192 median 0.9 ox-large-cm=1.3% ox-huge-tables=1.7% short=1.3% multiline=4.2% inline=9.6% code=-1.8% corpus/vue-docs/src/guide/built-ins/suspense.md=2.4% corpus/vue-docs/src/guide/extras/render-function.md=1.4% corpus/rust-book/src/ch09-02-recoverable-errors-with-result.md=6.5% corpus/typescript-handbook/packages/documentation/copy/en/project-config/Compiler Options in MSBuild.md=0.8% corpus/typescript-handbook/packages/documentation/copy/en/project-config/Compiler Options.md=0.6% tables=0.2%
bulk-inline-8192 direct 2 direct-escape/ci-plain=+0.3% direct-escape/ci-html-heavy=+10.4% direct-escape/plain-128=-3.0% direct-escape/late-quote-128=+0.8% direct-escape/plain-512=-6.2% direct-escape/late-quote-512=-11.8% direct-escape/plain-1024=-4.4% direct-escape/late-quote-1024=-8.7% direct-escape/plain-4096=-2.1% direct-escape/late-quote-4096=-0.1% direct-escape/plain-8192=-3.2% direct-escape/late-quote-8192=-3.2% direct-escape/plain-65536=+1.8% direct-escape/late-quote-65536=-2.0% direct-escape/quotes-4096=+1.6% direct-escape/attr-quotes-4096=+3.6% direct-escape/quotes-65536=-97.6% direct-escape/attr-quotes-65536=-97.8% direct-escape/late-quote-reserved-512=-2.0% direct-escape/late-quote-reserved-8192=-2.3% direct-escape/late-quote-reserved-65536=-2.5% direct-escape/html-heavy-65536=-22.1%
bulk-cached-8192 bulk-cached-8192/screen-2 20 / 26
bulk-cached-8192 median 0.9 ox-large-cm=1.7% ox-huge-tables=1.2% short=1.9% multiline=2.9% inline=0.2% code=5.9% corpus/vue-docs/src/guide/built-ins/suspense.md=1.9% corpus/vue-docs/src/guide/extras/render-function.md=3.5% corpus/rust-book/src/ch09-02-recoverable-errors-with-result.md=0.1% corpus/typescript-handbook/packages/documentation/copy/en/project-config/Compiler Options in MSBuild.md=-2.3% corpus/typescript-handbook/packages/documentation/copy/en/project-config/Compiler Options.md=-2.2% tables=1.8%
bulk-cached-8192 direct 2 direct-escape/ci-plain=-2.9% direct-escape/ci-html-heavy=+11.3% direct-escape/plain-128=+2.3% direct-escape/late-quote-128=-5.4% direct-escape/plain-512=-2.9% direct-escape/late-quote-512=+1.8% direct-escape/plain-1024=-2.5% direct-escape/late-quote-1024=-2.7% direct-escape/plain-4096=-2.6% direct-escape/late-quote-4096=-5.0% direct-escape/plain-8192=-2.7% direct-escape/late-quote-8192=-4.2% direct-escape/plain-65536=+4.1% direct-escape/late-quote-65536=-0.4% direct-escape/quotes-4096=-2.0% direct-escape/attr-quotes-4096=-1.1% direct-escape/quotes-65536=-97.9% direct-escape/attr-quotes-65536=-97.7% direct-escape/late-quote-reserved-512=-2.9% direct-escape/late-quote-reserved-8192=-2.5% direct-escape/late-quote-reserved-65536=-0.8% direct-escape/html-heavy-65536=-22.3%
threshold-8192 threshold-8192/screen-2 20 / 26
threshold-8192 median -0.8 ox-large-cm=-0.1% ox-huge-tables=-0.9% short=1.9% multiline=4.8% inline=0.4% code=3.9% corpus/vue-docs/src/guide/built-ins/suspense.md=0.5% corpus/vue-docs/src/guide/extras/render-function.md=1.2% corpus/rust-book/src/ch09-02-recoverable-errors-with-result.md=-0.7% corpus/typescript-handbook/packages/documentation/copy/en/project-config/Compiler Options in MSBuild.md=-2.4% corpus/typescript-handbook/packages/documentation/copy/en/project-config/Compiler Options.md=-3.6% tables=-1.3%
threshold-8192 direct 2 direct-escape/ci-plain=-7.8% direct-escape/ci-html-heavy=+0.3% direct-escape/plain-128=+2.5% direct-escape/late-quote-128=-16.0% direct-escape/plain-512=+2.8% direct-escape/late-quote-512=-15.9% direct-escape/plain-1024=+2.1% direct-escape/late-quote-1024=-12.8% direct-escape/plain-4096=-10.7% direct-escape/late-quote-4096=-10.2% direct-escape/plain-8192=-6.9% direct-escape/late-quote-8192=-7.0% direct-escape/plain-65536=-4.1% direct-escape/late-quote-65536=-5.9% direct-escape/quotes-4096=-0.0% direct-escape/attr-quotes-4096=+1.9% direct-escape/quotes-65536=-94.8% direct-escape/attr-quotes-65536=-94.7% direct-escape/late-quote-reserved-512=+3.5% direct-escape/late-quote-reserved-8192=-7.3% direct-escape/late-quote-reserved-65536=-5.2% direct-escape/html-heavy-65536=+11.0%
aa-control aa-control/screen-2 20 / 26
aa-control median -0.2 ox-large-cm=0.7% ox-huge-tables=-0.1% short=-0.3% multiline=0.9% inline=-0.8% code=-0.5% corpus/vue-docs/src/guide/built-ins/suspense.md=1.0% corpus/vue-docs/src/guide/extras/render-function.md=-0.0% corpus/rust-book/src/ch09-02-recoverable-errors-with-result.md=0.2% corpus/typescript-handbook/packages/documentation/copy/en/project-config/Compiler Options in MSBuild.md=0.8% corpus/typescript-handbook/packages/documentation/copy/en/project-config/Compiler Options.md=-0.6% tables=-0.7%
aa-control direct 2 direct-escape/ci-plain=+5.2% direct-escape/ci-html-heavy=+2.1% direct-escape/plain-128=-0.3% direct-escape/late-quote-128=-1.8% direct-escape/plain-512=+1.1% direct-escape/late-quote-512=+0.3% direct-escape/plain-1024=+0.3% direct-escape/late-quote-1024=+4.3% direct-escape/plain-4096=+7.5% direct-escape/late-quote-4096=+3.9% direct-escape/plain-8192=+3.9% direct-escape/late-quote-8192=+3.3% direct-escape/plain-65536=+0.1% direct-escape/late-quote-65536=-1.7% direct-escape/quotes-4096=+0.1% direct-escape/attr-quotes-4096=-0.1% direct-escape/quotes-65536=+0.5% direct-escape/attr-quotes-65536=-0.1% direct-escape/late-quote-reserved-512=-0.2% direct-escape/late-quote-reserved-8192=-0.1% direct-escape/late-quote-reserved-65536=-1.5% direct-escape/html-heavy-65536=+1.1%
EVIDENCE /home/runner/work/_temp/escape-linux-evidence
