    Finished `bench` profile [optimized + debuginfo] target(s) in 0.04s
     Running benches/search.rs (target/release/deps/search-916ddd0e3c376e03)
Gnuplot not found, using plotters backend
Testing four/0/find/absent
Success
Testing four/0/contains/absent
Success
Testing four/0/embedded_find/absent
Success
Testing four/0/find/first
Success
Testing four/0/contains/first
Success
Testing four/0/embedded_find/first
Success
Testing four/0/find/last
Success
Testing four/0/contains/last
Success
Testing four/0/embedded_find/last
Success
Testing four/0/find/dense
Success
Testing four/0/contains/dense
Success
Testing four/0/embedded_find/dense
Success

Testing four/8/find/absent
Success
Testing four/8/contains/absent
Success
Testing four/8/embedded_find/absent
Success
Testing four/8/find/first
Success
Testing four/8/contains/first
Success
Testing four/8/embedded_find/first
Success
Testing four/8/find/last
Success
Testing four/8/contains/last
Success
Testing four/8/embedded_find/last
Success
Testing four/8/find/dense
Success
Testing four/8/contains/dense
Success
Testing four/8/embedded_find/dense
Success

Testing four/15/find/absent
Success
Testing four/15/contains/absent
Success
Testing four/15/embedded_find/absent
Success
Testing four/15/find/first
Success
Testing four/15/contains/first
Success
Testing four/15/embedded_find/first
Success
Testing four/15/find/last
Success
Testing four/15/contains/last
Success
Testing four/15/embedded_find/last
Success
Testing four/15/find/dense
Success
Testing four/15/contains/dense
Success
Testing four/15/embedded_find/dense
Success

Testing four/16/find/absent
Success
Testing four/16/contains/absent
Success
Testing four/16/embedded_find/absent
Success
Testing four/16/find/first
Success
Testing four/16/contains/first
Success
Testing four/16/embedded_find/first
Success
Testing four/16/find/last
Success
Testing four/16/contains/last
Success
Testing four/16/embedded_find/last
Success
Testing four/16/find/dense
Success
Testing four/16/contains/dense
Success
Testing four/16/embedded_find/dense
Success

Testing four/17/find/absent
Success
Testing four/17/contains/absent
Success
Testing four/17/embedded_find/absent
Success
Testing four/17/find/first
Success
Testing four/17/contains/first
Success
Testing four/17/embedded_find/first
Success
Testing four/17/find/last
Success
Testing four/17/contains/last
Success
Testing four/17/embedded_find/last
Success
Testing four/17/find/dense
Success
Testing four/17/contains/dense
Success
Testing four/17/embedded_find/dense
Success

Testing four/64/find/absent
Success
Testing four/64/contains/absent
Success
Testing four/64/embedded_find/absent
Success
Testing four/64/find/first
Success
Testing four/64/contains/first
Success
Testing four/64/embedded_find/first
Success
Testing four/64/find/last
Success
Testing four/64/contains/last
Success
Testing four/64/embedded_find/last
Success
Testing four/64/find/dense
Success
Testing four/64/contains/dense
Success
Testing four/64/embedded_find/dense
Success

Testing four/128/find/absent
Success
Testing four/128/contains/absent
Success
Testing four/128/embedded_find/absent
Success
Testing four/128/find/first
Success
Testing four/128/contains/first
Success
Testing four/128/embedded_find/first
Success
Testing four/128/find/last
Success
Testing four/128/contains/last
Success
Testing four/128/embedded_find/last
Success
Testing four/128/find/dense
Success
Testing four/128/contains/dense
Success
Testing four/128/embedded_find/dense
Success

Testing four/1024/find/absent
Success
Testing four/1024/contains/absent
Success
Testing four/1024/embedded_find/absent
Success
Testing four/1024/find/first
Success
Testing four/1024/contains/first
Success
Testing four/1024/embedded_find/first
Success
Testing four/1024/find/last
Success
Testing four/1024/contains/last
Success
Testing four/1024/embedded_find/last
Success
Testing four/1024/find/dense
Success
Testing four/1024/contains/dense
Success
Testing four/1024/embedded_find/dense
Success

Testing four/65536/find/absent
Success
Testing four/65536/contains/absent
Success
Testing four/65536/embedded_find/absent
Success
Testing four/65536/find/first
Success
Testing four/65536/contains/first
Success
Testing four/65536/embedded_find/first
Success
Testing four/65536/find/last
Success
Testing four/65536/contains/last
Success
Testing four/65536/embedded_find/last
Success
Testing four/65536/find/dense
Success
Testing four/65536/contains/dense
Success
Testing four/65536/embedded_find/dense
Success

Testing twelve/0/find/absent
Success
Testing twelve/0/contains/absent
Success
Testing twelve/0/embedded_find/absent
Success
Testing twelve/0/find/first
Success
Testing twelve/0/contains/first
Success
Testing twelve/0/embedded_find/first
Success
Testing twelve/0/find/last
Success
Testing twelve/0/contains/last
Success
Testing twelve/0/embedded_find/last
Success
Testing twelve/0/find/dense
Success
Testing twelve/0/contains/dense
Success
Testing twelve/0/embedded_find/dense
Success

Testing twelve/8/find/absent
Success
Testing twelve/8/contains/absent
Success
Testing twelve/8/embedded_find/absent
Success
Testing twelve/8/find/first
Success
Testing twelve/8/contains/first
Success
Testing twelve/8/embedded_find/first
Success
Testing twelve/8/find/last
Success
Testing twelve/8/contains/last
Success
Testing twelve/8/embedded_find/last
Success
Testing twelve/8/find/dense
Success
Testing twelve/8/contains/dense
Success
Testing twelve/8/embedded_find/dense
Success

Testing twelve/15/find/absent
Success
Testing twelve/15/contains/absent
Success
Testing twelve/15/embedded_find/absent
Success
Testing twelve/15/find/first
Success
Testing twelve/15/contains/first
Success
Testing twelve/15/embedded_find/first
Success
Testing twelve/15/find/last
Success
Testing twelve/15/contains/last
Success
Testing twelve/15/embedded_find/last
Success
Testing twelve/15/find/dense
Success
Testing twelve/15/contains/dense
Success
Testing twelve/15/embedded_find/dense
Success

Testing twelve/16/find/absent
Success
Testing twelve/16/contains/absent
Success
Testing twelve/16/embedded_find/absent
Success
Testing twelve/16/find/first
Success
Testing twelve/16/contains/first
Success
Testing twelve/16/embedded_find/first
Success
Testing twelve/16/find/last
Success
Testing twelve/16/contains/last
Success
Testing twelve/16/embedded_find/last
Success
Testing twelve/16/find/dense
Success
Testing twelve/16/contains/dense
Success
Testing twelve/16/embedded_find/dense
Success

Testing twelve/17/find/absent
Success
Testing twelve/17/contains/absent
Success
Testing twelve/17/embedded_find/absent
Success
Testing twelve/17/find/first
Success
Testing twelve/17/contains/first
Success
Testing twelve/17/embedded_find/first
Success
Testing twelve/17/find/last
Success
Testing twelve/17/contains/last
Success
Testing twelve/17/embedded_find/last
Success
Testing twelve/17/find/dense
Success
Testing twelve/17/contains/dense
Success
Testing twelve/17/embedded_find/dense
Success

Testing twelve/64/find/absent
Success
Testing twelve/64/contains/absent
Success
Testing twelve/64/embedded_find/absent
Success
Testing twelve/64/find/first
Success
Testing twelve/64/contains/first
Success
Testing twelve/64/embedded_find/first
Success
Testing twelve/64/find/last
Success
Testing twelve/64/contains/last
Success
Testing twelve/64/embedded_find/last
Success
Testing twelve/64/find/dense
Success
Testing twelve/64/contains/dense
Success
Testing twelve/64/embedded_find/dense
Success

Testing twelve/128/find/absent
Success
Testing twelve/128/contains/absent
Success
Testing twelve/128/embedded_find/absent
Success
Testing twelve/128/find/first
Success
Testing twelve/128/contains/first
Success
Testing twelve/128/embedded_find/first
Success
Testing twelve/128/find/last
Success
Testing twelve/128/contains/last
Success
Testing twelve/128/embedded_find/last
Success
Testing twelve/128/find/dense
Success
Testing twelve/128/contains/dense
Success
Testing twelve/128/embedded_find/dense
Success

Testing twelve/1024/find/absent
Success
Testing twelve/1024/contains/absent
Success
Testing twelve/1024/embedded_find/absent
Success
Testing twelve/1024/find/first
Success
Testing twelve/1024/contains/first
Success
Testing twelve/1024/embedded_find/first
Success
Testing twelve/1024/find/last
Success
Testing twelve/1024/contains/last
Success
Testing twelve/1024/embedded_find/last
Success
Testing twelve/1024/find/dense
Success
Testing twelve/1024/contains/dense
Success
Testing twelve/1024/embedded_find/dense
Success

Testing twelve/65536/find/absent
Success
Testing twelve/65536/contains/absent
Success
Testing twelve/65536/embedded_find/absent
Success
Testing twelve/65536/find/first
Success
Testing twelve/65536/contains/first
Success
Testing twelve/65536/embedded_find/first
Success
Testing twelve/65536/find/last
Success
Testing twelve/65536/contains/last
Success
Testing twelve/65536/embedded_find/last
Success
Testing twelve/65536/find/dense
Success
Testing twelve/65536/contains/dense
Success
Testing twelve/65536/embedded_find/dense
Success

