    Finished `bench` profile [optimized + debuginfo] target(s) in 0.04s
     Running benches/search.rs (target/release/deps/search-916ddd0e3c376e03)
Gnuplot not found, using plotters backend
Benchmarking four/8/find/absent
Benchmarking four/8/find/absent: Warming up for 100.00 ms
Benchmarking four/8/find/absent: Collecting 30 samples in estimated 300.00 ms (61M iterations)
Benchmarking four/8/find/absent: Analyzing
four/8/find/absent      time:   [4.8618 ns 4.8842 ns 4.9084 ns]
                        thrpt:  [1.5179 GiB/s 1.5254 GiB/s 1.5325 GiB/s]
                 change:
                        time:   [+2.3638% +2.9555% +3.6740%] (p = 0.00 < 0.05)
                        thrpt:  [−3.5438% −2.8707% −2.3092%]
                        Performance has regressed.
Found 1 outliers among 30 measurements (3.33%)
  1 (3.33%) low mild
Benchmarking four/8/embedded_find/absent
Benchmarking four/8/embedded_find/absent: Warming up for 100.00 ms
Benchmarking four/8/embedded_find/absent: Collecting 30 samples in estimated 300.00 ms (63M iterations)
Benchmarking four/8/embedded_find/absent: Analyzing
four/8/embedded_find/absent
                        time:   [4.7384 ns 4.7605 ns 4.7892 ns]
                        thrpt:  [1.5557 GiB/s 1.5651 GiB/s 1.5724 GiB/s]
                 change:
                        time:   [−0.1204% +0.5966% +1.2451%] (p = 0.08 > 0.05)
                        thrpt:  [−1.2298% −0.5930% +0.1205%]
                        No change in performance detected.
Benchmarking four/8/find/last
Benchmarking four/8/find/last: Warming up for 100.00 ms
Benchmarking four/8/find/last: Collecting 30 samples in estimated 300.00 ms (41M iterations)
Benchmarking four/8/find/last: Analyzing
four/8/find/last        time:   [7.2681 ns 7.2956 ns 7.3254 ns]
                        thrpt:  [1.0171 GiB/s 1.0212 GiB/s 1.0251 GiB/s]
                 change:
                        time:   [−0.8295% −0.0444% +0.7244%] (p = 0.91 > 0.05)
                        thrpt:  [−0.7192% +0.0445% +0.8364%]
                        No change in performance detected.
Benchmarking four/8/embedded_find/last
Benchmarking four/8/embedded_find/last: Warming up for 100.00 ms
Benchmarking four/8/embedded_find/last: Collecting 30 samples in estimated 300.00 ms (41M iterations)
Benchmarking four/8/embedded_find/last: Analyzing
four/8/embedded_find/last
                        time:   [7.3378 ns 7.4863 ns 7.7316 ns]
                        thrpt:  [986.78 MiB/s 1019.1 MiB/s 1.0154 GiB/s]
                 change:
                        time:   [+1.6490% +3.7610% +7.0362%] (p = 0.00 < 0.05)
                        thrpt:  [−6.5737% −3.6247% −1.6223%]
                        Performance has regressed.
Found 2 outliers among 30 measurements (6.67%)
  2 (6.67%) high severe

Benchmarking four/64/find/absent
Benchmarking four/64/find/absent: Warming up for 100.00 ms
Benchmarking four/64/find/absent: Collecting 30 samples in estimated 300.00 ms (77M iterations)
Benchmarking four/64/find/absent: Analyzing
four/64/find/absent     time:   [3.8539 ns 3.8657 ns 3.8787 ns]
                        thrpt:  [15.367 GiB/s 15.419 GiB/s 15.466 GiB/s]
                 change:
                        time:   [−0.3445% +0.1473% +0.6735%] (p = 0.59 > 0.05)
                        thrpt:  [−0.6690% −0.1471% +0.3457%]
                        No change in performance detected.
Benchmarking four/64/embedded_find/absent
Benchmarking four/64/embedded_find/absent: Warming up for 100.00 ms
Benchmarking four/64/embedded_find/absent: Collecting 30 samples in estimated 300.00 ms (77M iterations)
Benchmarking four/64/embedded_find/absent: Analyzing
four/64/embedded_find/absent
                        time:   [3.8550 ns 3.8654 ns 3.8774 ns]
                        thrpt:  [15.372 GiB/s 15.420 GiB/s 15.462 GiB/s]
                 change:
                        time:   [−0.7368% −0.0317% +0.6027%] (p = 0.93 > 0.05)
                        thrpt:  [−0.5991% +0.0317% +0.7423%]
                        No change in performance detected.
Found 1 outliers among 30 measurements (3.33%)
  1 (3.33%) high mild
Benchmarking four/64/find/last
Benchmarking four/64/find/last: Warming up for 100.00 ms
Benchmarking four/64/find/last: Collecting 30 samples in estimated 300.00 ms (31M iterations)
Benchmarking four/64/find/last: Analyzing
four/64/find/last       time:   [9.4621 ns 10.315 ns 11.545 ns]
                        thrpt:  [5.1629 GiB/s 5.7786 GiB/s 6.2993 GiB/s]
                 change:
                        time:   [−0.5173% +6.6638% +16.085%] (p = 0.12 > 0.05)
                        thrpt:  [−13.856% −6.2475% +0.5200%]
                        No change in performance detected.
Found 3 outliers among 30 measurements (10.00%)
  3 (10.00%) high severe
Benchmarking four/64/embedded_find/last
Benchmarking four/64/embedded_find/last: Warming up for 100.00 ms
Benchmarking four/64/embedded_find/last: Collecting 30 samples in estimated 300.00 ms (31M iterations)
Benchmarking four/64/embedded_find/last: Analyzing
four/64/embedded_find/last
                        time:   [9.4347 ns 9.4726 ns 9.5176 ns]
                        thrpt:  [6.2626 GiB/s 6.2924 GiB/s 6.3176 GiB/s]
                 change:
                        time:   [−2.0044% −1.0551% −0.0337%] (p = 0.04 < 0.05)
                        thrpt:  [+0.0337% +1.0663% +2.0454%]
                        Change within noise threshold.
Found 3 outliers among 30 measurements (10.00%)
  3 (10.00%) high mild

Benchmarking four/1024/find/absent
Benchmarking four/1024/find/absent: Warming up for 100.00 ms
Benchmarking four/1024/find/absent: Collecting 30 samples in estimated 300.01 ms (6.4M iterations)
Benchmarking four/1024/find/absent: Analyzing
four/1024/find/absent   time:   [46.153 ns 46.348 ns 46.550 ns]
                        thrpt:  [20.487 GiB/s 20.576 GiB/s 20.663 GiB/s]
                 change:
                        time:   [−1.4289% −0.7496% −0.0713%] (p = 0.04 < 0.05)
                        thrpt:  [+0.0714% +0.7553% +1.4496%]
                        Change within noise threshold.
Found 1 outliers among 30 measurements (3.33%)
  1 (3.33%) high severe
Benchmarking four/1024/embedded_find/absent
Benchmarking four/1024/embedded_find/absent: Warming up for 100.00 ms
Benchmarking four/1024/embedded_find/absent: Collecting 30 samples in estimated 300.01 ms (6.5M iterations)
Benchmarking four/1024/embedded_find/absent: Analyzing
four/1024/embedded_find/absent
                        time:   [46.310 ns 46.513 ns 46.731 ns]
                        thrpt:  [20.408 GiB/s 20.504 GiB/s 20.593 GiB/s]
                 change:
                        time:   [−1.0526% −0.0653% +1.0282%] (p = 0.91 > 0.05)
                        thrpt:  [−1.0178% +0.0653% +1.0638%]
                        No change in performance detected.
Found 1 outliers among 30 measurements (3.33%)
  1 (3.33%) high mild
Benchmarking four/1024/find/last
Benchmarking four/1024/find/last: Warming up for 100.00 ms
Benchmarking four/1024/find/last: Collecting 30 samples in estimated 300.01 ms (5.9M iterations)
Benchmarking four/1024/find/last: Analyzing
four/1024/find/last     time:   [49.989 ns 50.116 ns 50.260 ns]
                        thrpt:  [18.975 GiB/s 19.029 GiB/s 19.078 GiB/s]
                 change:
                        time:   [−1.6253% −0.9339% −0.2253%] (p = 0.01 < 0.05)
                        thrpt:  [+0.2258% +0.9427% +1.6521%]
                        Change within noise threshold.
Found 2 outliers among 30 measurements (6.67%)
  2 (6.67%) high mild
Benchmarking four/1024/embedded_find/last
Benchmarking four/1024/embedded_find/last: Warming up for 100.00 ms
Benchmarking four/1024/embedded_find/last: Collecting 30 samples in estimated 300.02 ms (6.0M iterations)
Benchmarking four/1024/embedded_find/last: Analyzing
four/1024/embedded_find/last
                        time:   [50.139 ns 50.329 ns 50.512 ns]
                        thrpt:  [18.880 GiB/s 18.949 GiB/s 19.021 GiB/s]
                 change:
                        time:   [−0.0418% +0.7198% +1.6867%] (p = 0.13 > 0.05)
                        thrpt:  [−1.6587% −0.7146% +0.0418%]
                        No change in performance detected.
Found 4 outliers among 30 measurements (13.33%)
  4 (13.33%) high mild

Benchmarking twelve/8/find/absent
Benchmarking twelve/8/find/absent: Warming up for 100.00 ms
Benchmarking twelve/8/find/absent: Collecting 30 samples in estimated 300.00 ms (86M iterations)
Benchmarking twelve/8/find/absent: Analyzing
twelve/8/find/absent    time:   [3.4528 ns 3.4638 ns 3.4744 ns]
                        thrpt:  [2.1444 GiB/s 2.1510 GiB/s 2.1578 GiB/s]
                 change:
                        time:   [−16.761% −8.5777% −2.1564%] (p = 0.02 < 0.05)
                        thrpt:  [+2.2039% +9.3825% +20.137%]
                        Performance has improved.
Benchmarking twelve/8/embedded_find/absent
Benchmarking twelve/8/embedded_find/absent: Warming up for 100.00 ms
Benchmarking twelve/8/embedded_find/absent: Collecting 30 samples in estimated 300.00 ms (86M iterations)
Benchmarking twelve/8/embedded_find/absent: Analyzing
twelve/8/embedded_find/absent
                        time:   [3.4611 ns 3.4700 ns 3.4779 ns]
                        thrpt:  [2.1422 GiB/s 2.1472 GiB/s 2.1526 GiB/s]
                 change:
                        time:   [−1.0485% −0.5419% +0.0846%] (p = 0.05 > 0.05)
                        thrpt:  [−0.0846% +0.5448% +1.0597%]
                        No change in performance detected.
Found 3 outliers among 30 measurements (10.00%)
  2 (6.67%) low mild
  1 (3.33%) high severe
Benchmarking twelve/8/find/last
Benchmarking twelve/8/find/last: Warming up for 100.00 ms
Benchmarking twelve/8/find/last: Collecting 30 samples in estimated 300.00 ms (79M iterations)
Benchmarking twelve/8/find/last: Analyzing
twelve/8/find/last      time:   [3.7587 ns 3.7707 ns 3.7865 ns]
                        thrpt:  [1.9677 GiB/s 1.9759 GiB/s 1.9822 GiB/s]
                 change:
                        time:   [−0.7058% +0.0627% +0.9956%] (p = 0.88 > 0.05)
                        thrpt:  [−0.9858% −0.0627% +0.7109%]
                        No change in performance detected.
Found 4 outliers among 30 measurements (13.33%)
  3 (10.00%) high mild
  1 (3.33%) high severe
Benchmarking twelve/8/embedded_find/last
Benchmarking twelve/8/embedded_find/last: Warming up for 100.00 ms
Benchmarking twelve/8/embedded_find/last: Collecting 30 samples in estimated 300.00 ms (79M iterations)
Benchmarking twelve/8/embedded_find/last: Analyzing
twelve/8/embedded_find/last
                        time:   [3.7629 ns 3.7753 ns 3.7906 ns]
                        thrpt:  [1.9656 GiB/s 1.9735 GiB/s 1.9800 GiB/s]
                 change:
                        time:   [−1.1243% −0.2780% +0.5243%] (p = 0.52 > 0.05)
                        thrpt:  [−0.5216% +0.2787% +1.1370%]
                        No change in performance detected.
Found 4 outliers among 30 measurements (13.33%)
  4 (13.33%) high mild

Benchmarking twelve/64/find/absent
Benchmarking twelve/64/find/absent: Warming up for 100.00 ms
Benchmarking twelve/64/find/absent: Collecting 30 samples in estimated 300.00 ms (30M iterations)
Benchmarking twelve/64/find/absent: Analyzing
twelve/64/find/absent   time:   [9.8356 ns 9.8655 ns 9.8951 ns]
                        thrpt:  [6.0237 GiB/s 6.0417 GiB/s 6.0601 GiB/s]
                 change:
                        time:   [−2.9080% −1.7488% −0.8826%] (p = 0.00 < 0.05)
                        thrpt:  [+0.8905% +1.7800% +2.9950%]
                        Change within noise threshold.
Benchmarking twelve/64/embedded_find/absent
Benchmarking twelve/64/embedded_find/absent: Warming up for 100.00 ms
Benchmarking twelve/64/embedded_find/absent: Collecting 30 samples in estimated 300.00 ms (30M iterations)
Benchmarking twelve/64/embedded_find/absent: Analyzing
twelve/64/embedded_find/absent
                        time:   [9.8626 ns 9.8972 ns 9.9408 ns]
                        thrpt:  [5.9960 GiB/s 6.0224 GiB/s 6.0435 GiB/s]
                 change:
                        time:   [−1.7714% −0.8377% +0.0853%] (p = 0.09 > 0.05)
                        thrpt:  [−0.0852% +0.8448% +1.8033%]
                        No change in performance detected.
Found 1 outliers among 30 measurements (3.33%)
  1 (3.33%) high mild
Benchmarking twelve/64/find/last
Benchmarking twelve/64/find/last: Warming up for 100.00 ms
Benchmarking twelve/64/find/last: Collecting 30 samples in estimated 300.00 ms (22M iterations)
Benchmarking twelve/64/find/last: Analyzing
twelve/64/find/last     time:   [13.824 ns 13.878 ns 13.936 ns]
                        thrpt:  [4.2771 GiB/s 4.2950 GiB/s 4.3118 GiB/s]
                 change:
                        time:   [−1.9028% −0.9646% +0.0948%] (p = 0.06 > 0.05)
                        thrpt:  [−0.0947% +0.9740% +1.9398%]
                        No change in performance detected.
Found 2 outliers among 30 measurements (6.67%)
  1 (3.33%) high mild
  1 (3.33%) high severe
Benchmarking twelve/64/embedded_find/last
Benchmarking twelve/64/embedded_find/last: Warming up for 100.00 ms
Benchmarking twelve/64/embedded_find/last: Collecting 30 samples in estimated 300.00 ms (22M iterations)
Benchmarking twelve/64/embedded_find/last: Analyzing
twelve/64/embedded_find/last
                        time:   [13.531 ns 13.569 ns 13.610 ns]
                        thrpt:  [4.3794 GiB/s 4.3925 GiB/s 4.4051 GiB/s]
                 change:
                        time:   [−0.9196% −0.3543% +0.2511%] (p = 0.25 > 0.05)
                        thrpt:  [−0.2505% +0.3555% +0.9281%]
                        No change in performance detected.
Found 1 outliers among 30 measurements (3.33%)
  1 (3.33%) high mild

Benchmarking twelve/1024/find/absent
Benchmarking twelve/1024/find/absent: Warming up for 100.00 ms
Benchmarking twelve/1024/find/absent: Collecting 30 samples in estimated 300.02 ms (2.1M iterations)
Benchmarking twelve/1024/find/absent: Analyzing
twelve/1024/find/absent time:   [141.94 ns 142.84 ns 143.83 ns]
                        thrpt:  [6.6305 GiB/s 6.6766 GiB/s 6.7190 GiB/s]
                 change:
                        time:   [−0.9154% −0.1876% +0.4991%] (p = 0.62 > 0.05)
                        thrpt:  [−0.4966% +0.1880% +0.9239%]
                        No change in performance detected.
Benchmarking twelve/1024/embedded_find/absent
Benchmarking twelve/1024/embedded_find/absent: Warming up for 100.00 ms
Benchmarking twelve/1024/embedded_find/absent: Collecting 30 samples in estimated 300.01 ms (2.2M iterations)
Benchmarking twelve/1024/embedded_find/absent: Analyzing
twelve/1024/embedded_find/absent
                        time:   [137.07 ns 137.43 ns 137.80 ns]
                        thrpt:  [6.9206 GiB/s 6.9392 GiB/s 6.9578 GiB/s]
                 change:
                        time:   [−1.2948% −0.5174% +0.2865%] (p = 0.24 > 0.05)
                        thrpt:  [−0.2857% +0.5201% +1.3118%]
                        No change in performance detected.
Found 2 outliers among 30 measurements (6.67%)
  1 (3.33%) high mild
  1 (3.33%) high severe
Benchmarking twelve/1024/find/last
Benchmarking twelve/1024/find/last: Warming up for 100.00 ms
Benchmarking twelve/1024/find/last: Collecting 30 samples in estimated 300.04 ms (2.1M iterations)
Benchmarking twelve/1024/find/last: Analyzing
twelve/1024/find/last   time:   [140.95 ns 141.33 ns 141.77 ns]
                        thrpt:  [6.7271 GiB/s 6.7478 GiB/s 6.7662 GiB/s]
                 change:
                        time:   [−2.9890% −1.4591% −0.4135%] (p = 0.02 < 0.05)
                        thrpt:  [+0.4153% +1.4807% +3.0811%]
                        Change within noise threshold.
Found 1 outliers among 30 measurements (3.33%)
  1 (3.33%) high mild
Benchmarking twelve/1024/embedded_find/last
Benchmarking twelve/1024/embedded_find/last: Warming up for 100.00 ms
Benchmarking twelve/1024/embedded_find/last: Collecting 30 samples in estimated 300.01 ms (2.1M iterations)
Benchmarking twelve/1024/embedded_find/last: Analyzing
twelve/1024/embedded_find/last
                        time:   [140.90 ns 141.31 ns 141.79 ns]
                        thrpt:  [6.7259 GiB/s 6.7486 GiB/s 6.7683 GiB/s]
                 change:
                        time:   [−0.8451% −0.2483% +0.4042%] (p = 0.45 > 0.05)
                        thrpt:  [−0.4026% +0.2490% +0.8523%]
                        No change in performance detected.
Found 2 outliers among 30 measurements (6.67%)
  2 (6.67%) high mild

