pair 1/5 complete; HTML identical
pair 2/5 complete; HTML identical
pair 3/5 complete; HTML identical
pair 4/5 complete; HTML identical
pair 5/5 complete; HTML identical
tiny               commonmark fresh   +0.92%
tiny               commonmark reused  -3.49%
tiny               default    fresh   -0.25%
tiny               default    reused  -3.35%
tiny               gfm        fresh   +0.90%
tiny               gfm        reused  -3.90%
prose              commonmark fresh   -0.54%
prose              commonmark reused  -0.43%
prose              default    fresh   -0.30%
prose              default    reused  -0.40%
prose              gfm        fresh   +0.11%
prose              gfm        reused  -0.07%
emphasis           commonmark fresh   -6.05%
emphasis           commonmark reused  -5.43%
emphasis           default    fresh   -5.41%
emphasis           default    reused  -4.91%
emphasis           gfm        fresh   -6.14%
emphasis           gfm        reused  -5.20%
links              commonmark fresh   +0.18%
links              commonmark reused  -0.57%
links              default    fresh   -0.56%
links              default    reused  -0.40%
links              gfm        fresh   -0.89%
links              gfm        reused  -1.46%
entities           commonmark fresh   -1.14%
entities           commonmark reused  +0.12%
entities           default    fresh   -0.05%
entities           default    reused  +0.10%
entities           gfm        fresh   -0.98%
entities           gfm        reused  +0.20%
late_special       commonmark fresh   +0.68%
late_special       commonmark reused  +0.79%
late_special       default    fresh   +1.12%
late_special       default    reused  +0.95%
late_special       gfm        fresh   +0.78%
late_special       gfm        reused  +0.95%
references         commonmark fresh   -4.42%
references         commonmark reused  -2.93%
references         default    fresh   -4.54%
references         default    reused  -4.37%
references         gfm        fresh   -4.03%
references         gfm        reused  -2.87%
lists              commonmark fresh   -2.81%
lists              commonmark reused  -2.38%
lists              default    fresh   -1.78%
lists              default    reused  -1.43%
lists              gfm        fresh   -1.26%
lists              gfm        reused  -1.13%
commonmark_5k      commonmark fresh   -3.12%
commonmark_5k      commonmark reused  -2.82%
commonmark_5k      default    fresh   -1.39%
commonmark_5k      default    reused  -1.86%
commonmark_5k      gfm        fresh   -2.30%
commonmark_5k      gfm        reused  -2.32%
commonmark_20k     commonmark fresh   -2.69%
commonmark_20k     commonmark reused  -3.04%
commonmark_20k     default    fresh   -2.33%
commonmark_20k     default    reused  -2.97%
commonmark_20k     gfm        fresh   -2.33%
commonmark_20k     gfm        reused  -3.14%
commonmark_50k     commonmark fresh   -2.31%
commonmark_50k     commonmark reused  -3.09%
commonmark_50k     default    fresh   -2.47%
commonmark_50k     default    reused  -2.93%
commonmark_50k     gfm        fresh   -2.52%
commonmark_50k     gfm        reused  -2.26%
commonmark_1m      commonmark fresh   -3.36%
commonmark_1m      commonmark reused  -4.32%
commonmark_1m      default    fresh   -3.63%
commonmark_1m      default    reused  -3.87%
commonmark_1m      gfm        fresh   -2.54%
commonmark_1m      gfm        reused  -4.11%
tables             commonmark fresh   -9.20%
tables             commonmark reused  -9.65%
tables             default    fresh   -2.58%
tables             default    reused  -2.46%
tables             gfm        fresh   -1.64%
tables             gfm        reused  -1.65%
