pair 1/3 complete; HTML identical
pair 2/3 complete; HTML identical
pair 3/3 complete; HTML identical
tiny               commonmark fresh   +6.00%
tiny               commonmark reused +24.87%
tiny               default    fresh   +4.80%
tiny               default    reused +24.08%
tiny               gfm        fresh   +5.12%
tiny               gfm        reused +23.77%
prose              commonmark fresh   +4.14%
prose              commonmark reused  +4.12%
prose              default    fresh   +3.15%
prose              default    reused  +5.29%
prose              gfm        fresh   +1.64%
prose              gfm        reused  +2.38%
emphasis           commonmark fresh  +57.57%
emphasis           commonmark reused +60.37%
emphasis           default    fresh  +57.48%
emphasis           default    reused +60.67%
emphasis           gfm        fresh  +57.09%
emphasis           gfm        reused +58.18%
links              commonmark fresh  +17.40%
links              commonmark reused +18.41%
links              default    fresh  +16.65%
links              default    reused +18.45%
links              gfm        fresh  +15.61%
links              gfm        reused +16.07%
entities           commonmark fresh   +8.28%
entities           commonmark reused  +8.81%
entities           default    fresh   +9.19%
entities           default    reused  +9.42%
entities           gfm        fresh   +9.70%
entities           gfm        reused  +8.34%
late_special       commonmark fresh   +1.08%
late_special       commonmark reused  +0.78%
late_special       default    fresh   +1.18%
late_special       default    reused  +2.06%
late_special       gfm        fresh   +1.07%
late_special       gfm        reused  +1.93%
references         commonmark fresh  +20.40%
references         commonmark reused +22.74%
references         default    fresh  +19.60%
references         default    reused +20.87%
references         gfm        fresh  +19.88%
references         gfm        reused +21.92%
lists              commonmark fresh  +28.19%
lists              commonmark reused +30.15%
lists              default    fresh  +28.71%
lists              default    reused +30.22%
lists              gfm        fresh  +26.70%
lists              gfm        reused +26.33%
commonmark_5k      commonmark fresh  +18.67%
commonmark_5k      commonmark reused +21.51%
commonmark_5k      default    fresh  +19.98%
commonmark_5k      default    reused +21.65%
commonmark_5k      gfm        fresh  +20.10%
commonmark_5k      gfm        reused +20.60%
commonmark_20k     commonmark fresh  +21.45%
commonmark_20k     commonmark reused +23.60%
commonmark_20k     default    fresh  +20.43%
commonmark_20k     default    reused +21.33%
commonmark_20k     gfm        fresh  +21.41%
commonmark_20k     gfm        reused +21.05%
commonmark_50k     commonmark fresh  +20.93%
commonmark_50k     commonmark reused +22.18%
commonmark_50k     default    fresh  +20.13%
commonmark_50k     default    reused +20.14%
commonmark_50k     gfm        fresh  +18.61%
commonmark_50k     gfm        reused +18.83%
commonmark_1m      commonmark fresh  +22.21%
commonmark_1m      commonmark reused +21.20%
commonmark_1m      default    fresh  +19.66%
commonmark_1m      default    reused +19.56%
commonmark_1m      gfm        fresh  +20.00%
commonmark_1m      gfm        reused +19.46%
tables             commonmark fresh  +45.86%
tables             commonmark reused +51.70%
tables             default    fresh  +23.40%
tables             default    reused +24.50%
tables             gfm        fresh  +22.09%
tables             gfm        reused +23.58%
