pair 1/3 complete; HTML identical
pair 2/3 complete; HTML identical
pair 3/3 complete; HTML identical
tiny               commonmark fresh   +1.27%
tiny               commonmark reused  +2.60%
tiny               default    fresh   +1.82%
tiny               default    reused  +3.87%
tiny               gfm        fresh   +2.36%
tiny               gfm        reused  +3.58%
prose              commonmark fresh   -0.61%
prose              commonmark reused  -0.51%
prose              default    fresh   +0.40%
prose              default    reused  -0.16%
prose              gfm        fresh   +0.85%
prose              gfm        reused  -0.05%
emphasis           commonmark fresh   -0.15%
emphasis           commonmark reused  -0.30%
emphasis           default    fresh   +0.21%
emphasis           default    reused  -0.43%
emphasis           gfm        fresh   -0.58%
emphasis           gfm        reused  -0.34%
links              commonmark fresh   +0.61%
links              commonmark reused  +0.51%
links              default    fresh   +1.07%
links              default    reused  +0.49%
links              gfm        fresh   +0.89%
links              gfm        reused  +0.10%
entities           commonmark fresh   +2.23%
entities           commonmark reused  +1.96%
entities           default    fresh   +1.89%
entities           default    reused  +1.79%
entities           gfm        fresh   +1.19%
entities           gfm        reused  +1.56%
late_special       commonmark fresh   +1.26%
late_special       commonmark reused  +1.94%
late_special       default    fresh   +1.30%
late_special       default    reused  +1.35%
late_special       gfm        fresh   +0.84%
late_special       gfm        reused  +1.97%
references         commonmark fresh   +2.62%
references         commonmark reused  +6.46%
references         default    fresh   +3.90%
references         default    reused  +4.68%
references         gfm        fresh   +0.34%
references         gfm        reused  +4.68%
lists              commonmark fresh   -0.62%
lists              commonmark reused  -1.11%
lists              default    fresh   -0.45%
lists              default    reused  +0.05%
lists              gfm        fresh   -0.93%
lists              gfm        reused  -0.41%
commonmark_5k      commonmark fresh   -2.69%
commonmark_5k      commonmark reused  -2.60%
commonmark_5k      default    fresh   -0.21%
commonmark_5k      default    reused  -1.27%
commonmark_5k      gfm        fresh   -0.32%
commonmark_5k      gfm        reused  -1.21%
commonmark_20k     commonmark fresh   -1.51%
commonmark_20k     commonmark reused  -1.36%
commonmark_20k     default    fresh   -0.51%
commonmark_20k     default    reused  -1.55%
commonmark_20k     gfm        fresh   -0.56%
commonmark_20k     gfm        reused  -1.08%
commonmark_50k     commonmark fresh   -1.65%
commonmark_50k     commonmark reused  -1.29%
commonmark_50k     default    fresh   -1.45%
commonmark_50k     default    reused  -1.11%
commonmark_50k     gfm        fresh   -1.51%
commonmark_50k     gfm        reused  -1.12%
commonmark_1m      commonmark fresh   -1.62%
commonmark_1m      commonmark reused  -2.51%
commonmark_1m      default    fresh   -1.51%
commonmark_1m      default    reused  -1.02%
commonmark_1m      gfm        fresh   -1.61%
commonmark_1m      gfm        reused  -1.86%
tables             commonmark fresh   -6.71%
tables             commonmark reused  -6.53%
tables             default    fresh   +1.75%
tables             default    reused  +0.88%
tables             gfm        fresh   +1.58%
tables             gfm        reused  +0.92%
