    Checking itoa v1.0.18
    Checking bumpalo v3.20.3
    Checking static_assertions v1.1.0
    Checking cfg-if v1.0.4
    Checking zmij v1.0.23
    Checking serde_core v1.0.229
    Checking memchr v2.8.3
    Checking castaway v0.2.4
    Checking smallvec v1.16.1
    Checking thiserror v2.0.20
    Checking rustc-hash v2.1.3
    Checking compact_str v0.10.0
    Checking ox_content_allocator v3.2.0 (/private/tmp/ferromark-ox-audit/ox-current/crates/ox_content_allocator)
    Checking ox_content_ast v3.2.0 (/private/tmp/ferromark-ox-audit/ox-current/crates/ox_content_ast)
    Checking ox_content_parser v3.2.0 (/private/tmp/ferromark-ox-audit/ox-current/crates/ox_content_parser)
    Checking serde_json v1.0.151
    Checking serde v1.0.229
    Checking ox_content_renderer v3.2.0 (/private/tmp/ferromark-ox-audit/ox-current/crates/ox_content_renderer)
    Checking ox-comparison-driver v0.0.0 (/private/tmp/ferromark-memory-audit/ox)
    Finished `release` profile [optimized] target(s) in 1.83s
