   Compiling proc-macro2 v1.0.107
   Compiling unicode-ident v1.0.24
   Compiling quote v1.0.47
   Compiling rustversion v1.0.23
   Compiling zmij v1.0.23
   Compiling serde_core v1.0.229
   Compiling bumpalo v3.20.3
   Compiling itoa v1.0.18
   Compiling thiserror v2.0.20
   Compiling cfg-if v1.0.4
   Compiling serde_json v1.0.151
   Compiling memchr v2.8.3
   Compiling static_assertions v1.1.0
   Compiling rustc-hash v2.1.3
   Compiling serde v1.0.229
   Compiling ox_content_allocator v3.2.0 (/private/tmp/ferromark-ox-audit/ox-current/crates/ox_content_allocator)
   Compiling smallvec v1.16.1
   Compiling ox_content_ast v3.2.0 (/private/tmp/ferromark-ox-audit/ox-current/crates/ox_content_ast)
   Compiling syn v3.0.5
   Compiling castaway v0.2.4
   Compiling thiserror-impl v2.0.20
   Compiling serde_derive v1.0.229
   Compiling compact_str v0.10.0
   Compiling ox_content_parser v3.2.0 (/private/tmp/ferromark-ox-audit/ox-current/crates/ox_content_parser)
   Compiling ox_content_renderer v3.2.0 (/private/tmp/ferromark-ox-audit/ox-current/crates/ox_content_renderer)
   Compiling corpus-ox v0.0.0 (/private/tmp/ferromark-ox-profile-round2/ox)
    Finished `sample` profile [optimized + debuginfo] target(s) in 16.63s
