Verifying 207 cases across 4 stages...
  20/207 verified
  40/207 verified
  60/207 verified
  80/207 verified
  100/207 verified
  120/207 verified
  140/207 verified
  160/207 verified
  180/207 verified
  200/207 verified
Output verification: exact HTML and AST Debug for every case/stage.
Round 1/3: 828 cases/stages
  20/828 completed
  40/828 completed
  60/828 completed
  80/828 completed
  100/828 completed
  120/828 completed
  140/828 completed
  160/828 completed
  180/828 completed
  200/828 completed
  220/828 completed
  240/828 completed
  260/828 completed
  280/828 completed
  300/828 completed
  320/828 completed
  340/828 completed
  360/828 completed
  380/828 completed
  400/828 completed
  420/828 completed
  440/828 completed
  460/828 completed
  480/828 completed
  500/828 completed
  520/828 completed
  540/828 completed
  560/828 completed
  580/828 completed
  600/828 completed
  620/828 completed
  640/828 completed
  660/828 completed
  680/828 completed
  700/828 completed
  720/828 completed
  740/828 completed
  760/828 completed
  780/828 completed
  800/828 completed
  820/828 completed
Round 2/3: 828 cases/stages
  20/828 completed
  40/828 completed
  60/828 completed
  80/828 completed
  100/828 completed
  120/828 completed
  140/828 completed
  160/828 completed
  180/828 completed
  200/828 completed
  220/828 completed
  240/828 completed
  260/828 completed
  280/828 completed
  300/828 completed
  320/828 completed
  340/828 completed
  360/828 completed
  380/828 completed
  400/828 completed
  420/828 completed
  440/828 completed
  460/828 completed
  480/828 completed
  500/828 completed
  520/828 completed
  540/828 completed
  560/828 completed
  580/828 completed
  600/828 completed
  620/828 completed
  640/828 completed
  660/828 completed
  680/828 completed
  700/828 completed
  720/828 completed
  740/828 completed
  760/828 completed
  780/828 completed
  800/828 completed
  820/828 completed
Round 3/3: 828 cases/stages
  20/828 completed
  40/828 completed
  60/828 completed
  80/828 completed
  100/828 completed
  120/828 completed
  140/828 completed
  160/828 completed
  180/828 completed
  200/828 completed
  220/828 completed
  240/828 completed
  260/828 completed
  280/828 completed
  300/828 completed
  320/828 completed
  340/828 completed
  360/828 completed
  380/828 completed
  400/828 completed
  420/828 completed
  440/828 completed
  460/828 completed
  480/828 completed
  500/828 completed
  520/828 completed
  540/828 completed
  560/828 completed
  580/828 completed
  600/828 completed
  620/828 completed
  640/828 completed
  660/828 completed
  680/828 completed
  700/828 completed
  720/828 completed
  740/828 completed
  760/828 completed
  780/828 completed
  800/828 completed
  820/828 completed
/private/tmp/ferromark-arm-20260915-full-results/summary.json
